
 /----------------------------------------------------------------------------\
 |  yosys -- Yosys Open SYnthesis Suite                                       |
 |  Copyright (C) 2012 - 2026  Claire Xenia Wolf <claire@yosyshq.com>         |
 |  Distributed under an ISC-like license, type "license" to see terms        |
 \----------------------------------------------------------------------------/
 Yosys 0.68+40 (git sha1 0f2bcb94b-dirty, Release, Clang /usr/bin/clang++ 21.1.8)

-- Running command `read_verilog -Irtl rtl/alu8.v; hierarchy -check -top alu8; synth -top alu8; check; stat; write_verilog build/alu8_synth.v; write_json build/alu8.json' --

1. Executing Verilog-2005 frontend: rtl/alu8.v
Parsing Verilog input from `rtl/alu8.v' to AST representation.
Generating RTLIL representation for module `\alu8'.
Successfully finished Verilog frontend.

2. Executing HIERARCHY pass (managing design hierarchy).

2.1. Analyzing design hierarchy..
Top module:  \alu8

2.2. Analyzing design hierarchy..
Top module:  \alu8
Removed 0 unused modules.

3. Executing SYNTH pass.

3.1. Executing HIERARCHY pass (managing design hierarchy).

3.1.1. Analyzing design hierarchy..
Top module:  \alu8

3.1.2. Analyzing design hierarchy..
Top module:  \alu8
Removed 0 unused modules.

3.2. Executing PROC pass (convert processes to netlists).

3.2.1. Executing PROC_CLEAN pass (remove empty switches from decision trees).
Cleaned up 0 empty switches.

3.2.2. Executing PROC_RMDEAD pass (remove dead branches from decision trees).
Removed 1 dead cases from process $proc$rtl/alu8.v:14$1 in module alu8.
Marked 1 switch rules as full_case in process $proc$rtl/alu8.v:14$1 in module alu8.
Removed a total of 1 dead cases.

3.2.3. Executing PROC_PRUNE pass (remove redundant assignments in processes).
Removed 0 redundant assignments.
Promoted 2 assignments to connections.

3.2.4. Executing PROC_INIT pass (extract init attributes).

3.2.5. Executing PROC_ARST pass (detect async resets in processes).

3.2.6. Executing PROC_ROM pass (convert switches to ROMs).
Converted 0 switches.
<suppressed ~1 debug messages>

3.2.7. Executing PROC_MUX pass (convert decision trees to multiplexers).
Creating decoders for process `\alu8.$proc$rtl/alu8.v:14$1'.
     1/2: $1\carry_out[0:0]
     2/2: $1\result[7:0]

3.2.8. Executing PROC_DLATCH pass (convert process syncs to latches).
No latch inferred for signal `\alu8.\result' from process `\alu8.$proc$rtl/alu8.v:14$1'.
No latch inferred for signal `\alu8.\carry_out' from process `\alu8.$proc$rtl/alu8.v:14$1'.

3.2.9. Executing PROC_DFF pass (convert process syncs to FFs).

3.2.10. Executing PROC_MEMWR pass (convert process memory writes to cells).

3.2.11. Executing PROC_CLEAN pass (remove empty switches from decision trees).
Found and cleaned up 1 empty switch in `\alu8.$proc$rtl/alu8.v:14$1'.
Removing empty process `alu8.$proc$rtl/alu8.v:14$1'.
Cleaned up 1 empty switch.

3.2.12. Executing OPT_EXPR pass (perform const folding).
Optimizing module alu8.
<suppressed ~2 debug messages>

3.3. Executing OPT_EXPR pass (perform const folding).
Optimizing module alu8.

3.4. Executing OPT_CLEAN pass (remove unused cells and wires).
Finding unused cells or wires in module \alu8..
Removed 0 unused cells and 6 unused wires.
<suppressed ~1 debug messages>

3.5. Executing CHECK pass (checking for obvious problems).
Checking module alu8...
Found and reported 0 problems.

3.6. Executing OPT pass (performing simple optimizations).

3.6.1. Executing OPT_EXPR pass (perform const folding).
Optimizing module alu8.

3.6.2. Executing OPT_MERGE pass (detect identical cells).
Finding identical cells in module `\alu8'.
Computing hashes of 24 cells of `\alu8'.
Finding duplicate cells in `\alu8'.
Computing hashes of 16 cells of `\alu8'.
Finding duplicate cells in `\alu8'.
<suppressed ~24 debug messages>
Removed a total of 8 cells.

3.6.3. Executing OPT_MUXTREE pass (detect dead branches in mux trees).
Running muxtree optimizer on module \alu8..
  Creating internal representation of mux trees.
  Evaluating internal representation of mux trees.
  Analyzing evaluation results.
Removed 0 multiplexer ports.
<suppressed ~4 debug messages>

3.6.4. Executing OPT_REDUCE pass (consolidate $*mux and $reduce_* inputs).
  Optimizing cells in module \alu8.
    New ctrl vector for $pmux cell $procmux$8: { $procmux$18_CMP $procmux$19_CMP $auto$opt_reduce.cc:137:opt_pmux$27 $procmux$23_CMP $procmux$24_CMP }
  Optimizing cells in module \alu8.
Performed a total of 1 changes.

3.6.5. Executing OPT_MERGE pass (detect identical cells).
Finding identical cells in module `\alu8'.
Computing hashes of 17 cells of `\alu8'.
Finding duplicate cells in `\alu8'.
Removed a total of 0 cells.

3.6.6. Executing OPT_DFF pass (perform DFF optimizations).

3.6.7. Executing OPT_CLEAN pass (remove unused cells and wires).
Finding unused cells or wires in module \alu8..
Removed 0 unused cells and 8 unused wires.
<suppressed ~1 debug messages>

3.6.8. Executing OPT_EXPR pass (perform const folding).
Optimizing module alu8.

3.6.9. Rerunning OPT passes. (Maybe there is more to do..)

3.6.10. Executing OPT_MUXTREE pass (detect dead branches in mux trees).
Running muxtree optimizer on module \alu8..
  Creating internal representation of mux trees.
  Evaluating internal representation of mux trees.
  Analyzing evaluation results.
Removed 0 multiplexer ports.
<suppressed ~4 debug messages>

3.6.11. Executing OPT_REDUCE pass (consolidate $*mux and $reduce_* inputs).
  Optimizing cells in module \alu8.
Performed a total of 0 changes.

3.6.12. Executing OPT_MERGE pass (detect identical cells).
Finding identical cells in module `\alu8'.
Computing hashes of 17 cells of `\alu8'.
Finding duplicate cells in `\alu8'.
Removed a total of 0 cells.

3.6.13. Executing OPT_DFF pass (perform DFF optimizations).

3.6.14. Executing OPT_CLEAN pass (remove unused cells and wires).
Finding unused cells or wires in module \alu8..

3.6.15. Executing OPT_EXPR pass (perform const folding).
Optimizing module alu8.

3.6.16. Finished fast OPT passes. (There is nothing left to do.)

3.7. Executing FSM pass (extract and optimize FSM).

3.7.1. Executing FSM_DETECT pass (finding FSMs in design).

3.7.2. Executing FSM_EXTRACT pass (extracting FSM from design).

3.7.3. Executing FSM_OPT pass (simple optimizations of FSMs).

3.7.4. Executing OPT_CLEAN pass (remove unused cells and wires).
Finding unused cells or wires in module \alu8..

3.7.5. Executing FSM_OPT pass (simple optimizations of FSMs).

3.7.6. Executing FSM_RECODE pass (re-assigning FSM state encoding).

3.7.7. Executing FSM_INFO pass (dumping all available information on FSM cells).

3.7.8. Executing FSM_MAP pass (mapping FSMs to basic logic).

3.8. Executing OPT pass (performing simple optimizations).

3.8.1. Executing OPT_EXPR pass (perform const folding).
Optimizing module alu8.

3.8.2. Executing OPT_MERGE pass (detect identical cells).
Finding identical cells in module `\alu8'.
Computing hashes of 17 cells of `\alu8'.
Finding duplicate cells in `\alu8'.
Removed a total of 0 cells.

3.8.3. Executing OPT_MUXTREE pass (detect dead branches in mux trees).
Running muxtree optimizer on module \alu8..
  Creating internal representation of mux trees.
  Evaluating internal representation of mux trees.
  Analyzing evaluation results.
Removed 0 multiplexer ports.
<suppressed ~4 debug messages>

3.8.4. Executing OPT_REDUCE pass (consolidate $*mux and $reduce_* inputs).
  Optimizing cells in module \alu8.
Performed a total of 0 changes.

3.8.5. Executing OPT_MERGE pass (detect identical cells).
Finding identical cells in module `\alu8'.
Computing hashes of 17 cells of `\alu8'.
Finding duplicate cells in `\alu8'.
Removed a total of 0 cells.

3.8.6. Executing OPT_DFF pass (perform DFF optimizations).

3.8.7. Executing OPT_CLEAN pass (remove unused cells and wires).
Finding unused cells or wires in module \alu8..

3.8.8. Executing OPT_EXPR pass (perform const folding).
Optimizing module alu8.

3.8.9. Finished fast OPT passes. (There is nothing left to do.)

3.9. Executing WREDUCE pass (reducing word size of cells).
Removed top 1 bits (of 9) from port A of cell alu8.$add$rtl/alu8.v:24$2 ($add).
Removed top 1 bits (of 9) from port B of cell alu8.$add$rtl/alu8.v:24$2 ($add).
Removed top 1 bits (of 3) from port B of cell alu8.$procmux$22_CMP0 ($eq).
Removed top 1 bits (of 3) from port B of cell alu8.$procmux$23_CMP0 ($eq).
Removed top 2 bits (of 3) from port B of cell alu8.$procmux$24_CMP0 ($eq).

3.10. Executing PEEPOPT pass (run peephole optimizers).

3.11. Executing OPT_CLEAN pass (remove unused cells and wires).
Finding unused cells or wires in module \alu8..

3.12. Executing ALUMACC pass (create $alu and $macc cells).
Extracting $alu and $macc cells in module alu8:
  creating $macc model for $sub$rtl/alu8.v:28$3 ($sub).
  creating $macc model for $add$rtl/alu8.v:24$2 ($add).
  creating $alu model for $macc $add$rtl/alu8.v:24$2.
  creating $alu model for $macc $sub$rtl/alu8.v:28$3.
  creating $alu model for $ge$rtl/alu8.v:29$4 ($ge): merged with $sub$rtl/alu8.v:28$3.
  creating $alu cell for $sub$rtl/alu8.v:28$3, $ge$rtl/alu8.v:29$4: $auto$alumacc.cc:548:replace_alu$28
  creating $alu cell for $add$rtl/alu8.v:24$2: $auto$alumacc.cc:548:replace_alu$41
  created 2 $alu and 0 $macc cells.

3.13. Executing SHARE pass (SAT-based resource sharing).

3.14. Executing OPT pass (performing simple optimizations).

3.14.1. Executing OPT_EXPR pass (perform const folding).
Optimizing module alu8.

3.14.2. Executing OPT_MERGE pass (detect identical cells).
Finding identical cells in module `\alu8'.
Computing hashes of 21 cells of `\alu8'.
Finding duplicate cells in `\alu8'.
Removed a total of 0 cells.

3.14.3. Executing OPT_MUXTREE pass (detect dead branches in mux trees).
Running muxtree optimizer on module \alu8..
  Creating internal representation of mux trees.
  Evaluating internal representation of mux trees.
  Analyzing evaluation results.
Removed 0 multiplexer ports.
<suppressed ~4 debug messages>

3.14.4. Executing OPT_REDUCE pass (consolidate $*mux and $reduce_* inputs).
  Optimizing cells in module \alu8.
Performed a total of 0 changes.

3.14.5. Executing OPT_MERGE pass (detect identical cells).
Finding identical cells in module `\alu8'.
Computing hashes of 21 cells of `\alu8'.
Finding duplicate cells in `\alu8'.
Removed a total of 0 cells.

3.14.6. Executing OPT_DFF pass (perform DFF optimizations).

3.14.7. Executing OPT_CLEAN pass (remove unused cells and wires).
Finding unused cells or wires in module \alu8..
Removed 0 unused cells and 1 unused wires.
<suppressed ~1 debug messages>

3.14.8. Executing OPT_EXPR pass (perform const folding).
Optimizing module alu8.

3.14.9. Rerunning OPT passes. (Maybe there is more to do..)

3.14.10. Executing OPT_MUXTREE pass (detect dead branches in mux trees).
Running muxtree optimizer on module \alu8..
  Creating internal representation of mux trees.
  Evaluating internal representation of mux trees.
  Analyzing evaluation results.
Removed 0 multiplexer ports.
<suppressed ~4 debug messages>

3.14.11. Executing OPT_REDUCE pass (consolidate $*mux and $reduce_* inputs).
  Optimizing cells in module \alu8.
Performed a total of 0 changes.

3.14.12. Executing OPT_MERGE pass (detect identical cells).
Finding identical cells in module `\alu8'.
Computing hashes of 21 cells of `\alu8'.
Finding duplicate cells in `\alu8'.
Removed a total of 0 cells.

3.14.13. Executing OPT_DFF pass (perform DFF optimizations).

3.14.14. Executing OPT_CLEAN pass (remove unused cells and wires).
Finding unused cells or wires in module \alu8..

3.14.15. Executing OPT_EXPR pass (perform const folding).
Optimizing module alu8.

3.14.16. Finished fast OPT passes. (There is nothing left to do.)

3.15. Executing MEMORY pass.

3.15.1. Executing OPT_MEM pass (optimize memories).
Performed a total of 0 transformations.

3.15.2. Executing OPT_MEM_PRIORITY pass (removing unnecessary memory write priority relations).
Performed a total of 0 transformations.

3.15.3. Executing OPT_MEM_FEEDBACK pass (finding memory read-to-write feedback paths).

3.15.4. Executing MEMORY_BMUX2ROM pass (converting muxes to ROMs).

3.15.5. Executing MEMORY_DFF pass (merging $dff cells to $memrd).

3.15.6. Executing OPT_CLEAN pass (remove unused cells and wires).
Finding unused cells or wires in module \alu8..

3.15.7. Executing MEMORY_SHARE pass (consolidating $memrd/$memwr cells).

3.15.8. Executing OPT_MEM_WIDEN pass (optimize memories where all ports are wide).
Performed a total of 0 transformations.

3.15.9. Executing OPT_CLEAN pass (remove unused cells and wires).
Finding unused cells or wires in module \alu8..

3.15.10. Executing MEMORY_COLLECT pass (generating $mem cells).

3.16. Executing OPT_CLEAN pass (remove unused cells and wires).
Finding unused cells or wires in module \alu8..

3.17. Executing OPT pass (performing simple optimizations).

3.17.1. Executing OPT_EXPR pass (perform const folding).
Optimizing module alu8.
<suppressed ~2 debug messages>

3.17.2. Executing OPT_MERGE pass (detect identical cells).
Finding identical cells in module `\alu8'.
Computing hashes of 21 cells of `\alu8'.
Finding duplicate cells in `\alu8'.
Removed a total of 0 cells.

3.17.3. Executing OPT_DFF pass (perform DFF optimizations).

3.17.4. Executing OPT_CLEAN pass (remove unused cells and wires).
Finding unused cells or wires in module \alu8..

3.17.5. Finished fast OPT passes.

3.18. Executing MEMORY_MAP pass (converting memories to logic and flip-flops).

3.19. Executing OPT pass (performing simple optimizations).

3.19.1. Executing OPT_EXPR pass (perform const folding).
Optimizing module alu8.

3.19.2. Executing OPT_MERGE pass (detect identical cells).
Finding identical cells in module `\alu8'.
Computing hashes of 21 cells of `\alu8'.
Finding duplicate cells in `\alu8'.
Removed a total of 0 cells.

3.19.3. Executing OPT_MUXTREE pass (detect dead branches in mux trees).
Running muxtree optimizer on module \alu8..
  Creating internal representation of mux trees.
  Evaluating internal representation of mux trees.
  Analyzing evaluation results.
Removed 0 multiplexer ports.
<suppressed ~4 debug messages>

3.19.4. Executing OPT_REDUCE pass (consolidate $*mux and $reduce_* inputs).
  Optimizing cells in module \alu8.
Performed a total of 0 changes.

3.19.5. Executing OPT_MERGE pass (detect identical cells).
Finding identical cells in module `\alu8'.
Computing hashes of 21 cells of `\alu8'.
Finding duplicate cells in `\alu8'.
Removed a total of 0 cells.

3.19.6. Executing OPT_SHARE pass.

3.19.7. Executing OPT_DFF pass (perform DFF optimizations).

3.19.8. Executing OPT_CLEAN pass (remove unused cells and wires).
Finding unused cells or wires in module \alu8..

3.19.9. Executing OPT_EXPR pass (perform const folding).
Optimizing module alu8.

3.19.10. Finished fast OPT passes. (There is nothing left to do.)

3.20. Executing TECHMAP pass (map to technology primitives).

3.20.1. Executing Verilog-2005 frontend: /opt/oss-cad-suite/lib/../share/yosys/techmap.v
Parsing Verilog input from `/opt/oss-cad-suite/lib/../share/yosys/techmap.v' to AST representation.
Generating RTLIL representation for module `\_90_simplemap_bool_ops'.
Generating RTLIL representation for module `\_90_simplemap_reduce_ops'.
Generating RTLIL representation for module `\_90_simplemap_logic_ops'.
Generating RTLIL representation for module `\_90_simplemap_compare_ops'.
Generating RTLIL representation for module `\_90_simplemap_various'.
Generating RTLIL representation for module `\_90_simplemap_registers'.
Generating RTLIL representation for module `\_90_shift_ops_shr_shl_sshl_sshr'.
Generating RTLIL representation for module `\_90_shift_shiftx'.
Generating RTLIL representation for module `\_90_fa'.
Generating RTLIL representation for module `\_90_lcu_brent_kung'.
Generating RTLIL representation for module `\_90_alu'.
Generating RTLIL representation for module `\_90_macc'.
Generating RTLIL representation for module `\_90_alumacc'.
Generating RTLIL representation for module `$__div_mod_u'.
Generating RTLIL representation for module `$__div_mod_trunc'.
Generating RTLIL representation for module `\_90_div'.
Generating RTLIL representation for module `\_90_mod'.
Generating RTLIL representation for module `$__div_mod_floor'.
Generating RTLIL representation for module `\_90_divfloor'.
Generating RTLIL representation for module `\_90_modfloor'.
Generating RTLIL representation for module `\_90_pow'.
Generating RTLIL representation for module `\_90_demux'.
Generating RTLIL representation for module `\_90_lut'.
Generating RTLIL representation for module `$connect'.
Generating RTLIL representation for module `$input_port'.
Successfully finished Verilog frontend.

3.20.2. Continuing TECHMAP pass.
Using template $paramod$4ccbe221165818e15f326ddee3d1183c7924e12f\_90_alu for cells of type $alu.
Using extmapper simplemap for cells of type $reduce_or.
Using extmapper simplemap for cells of type $not.
Using extmapper simplemap for cells of type $or.
Using extmapper simplemap for cells of type $reduce_and.
Using template $paramod$a1bc51c02ce12ac21eb18988e83292af48ed7d72\_90_alu for cells of type $alu.
Using extmapper simplemap for cells of type $and.
Using extmapper simplemap for cells of type $xor.
Using extmapper simplemap for cells of type $pmux.
Using extmapper simplemap for cells of type $eq.
Using extmapper simplemap for cells of type $logic_not.
Using template $paramod\_90_fa\WIDTH=32'00000000000000000000000000001001 for cells of type $fa.
Using template $paramod\_90_lcu_brent_kung\WIDTH=32'00000000000000000000000000001001 for cells of type $lcu.
Using extmapper simplemap for cells of type $pos.
Using extmapper simplemap for cells of type $mux.
Using template $paramod\_90_fa\WIDTH=32'00000000000000000000000000001000 for cells of type $fa.
Using template $paramod\_90_lcu_brent_kung\WIDTH=32'00000000000000000000000000001000 for cells of type $lcu.
No more expansions possible.
<suppressed ~471 debug messages>

3.21. Executing OPT pass (performing simple optimizations).

3.21.1. Executing OPT_EXPR pass (perform const folding).
Optimizing module alu8.
<suppressed ~108 debug messages>

3.21.2. Executing OPT_MERGE pass (detect identical cells).
Finding identical cells in module `\alu8'.
Computing hashes of 313 cells of `\alu8'.
Finding duplicate cells in `\alu8'.
Computing hashes of 275 cells of `\alu8'.
Finding duplicate cells in `\alu8'.
Computing hashes of 271 cells of `\alu8'.
Finding duplicate cells in `\alu8'.
<suppressed ~126 debug messages>
Removed a total of 42 cells.

3.21.3. Executing OPT_DFF pass (perform DFF optimizations).

3.21.4. Executing OPT_CLEAN pass (remove unused cells and wires).
Finding unused cells or wires in module \alu8..
Removed 0 unused cells and 121 unused wires.
<suppressed ~1 debug messages>

3.21.5. Finished fast OPT passes.

3.22. Executing ABC pass (technology mapping using ABC).

3.22.1. Extracting gate netlist of module `\alu8' to `<abc-temp-dir>/input.blif'..

3.22.1.1. Executed ABC.
Extracted 271 gates and 290 wires to a netlist network with 19 inputs and 9 outputs.
Running ABC script: <abc-temp-dir>/abc.script
ABC: UC Berkeley, ABC 1.01 (compiled Aug  8 2026 02:32:38)
ABC: abc 01> empty
ABC: abc 01> source <abc-temp-dir>/abc.script
ABC: + read_blif <abc-temp-dir>/input.blif 
ABC: + read_library <abc-temp-dir>/stdcells.genlib 
ABC: + strash 
ABC: + &get -n 
ABC: + &fraig -x 
ABC: + &put 
ABC: + scorr 
ABC: Warning: The network is combinational (run "fraig" or "fraig_sweep").
ABC: + dc2 
ABC: + dretime 
ABC: + strash 
ABC: + &get -n 
ABC: + &dch -f 
ABC: + &nf 
ABC: + &put 
ABC: + write_blif <abc-temp-dir>/output.blif 
ABC: 
ABC: YOSYS_ABC_DONE 

3.22.1.2. Re-integrating ABC results.
ABC RESULTS:               AND cells:       61
ABC RESULTS:            ANDNOT cells:       13
ABC RESULTS:              NAND cells:       89
ABC RESULTS:               NOR cells:        8
ABC RESULTS:                OR cells:       15
ABC RESULTS:             ORNOT cells:       15
ABC RESULTS:              XNOR cells:        2
ABC RESULTS:               XOR cells:        8
ABC RESULTS:        internal signals:      262
ABC RESULTS:           input signals:       19
ABC RESULTS:          output signals:        9
Removing temp directory.
Removing global temp directory.

3.23. Executing OPT pass (performing simple optimizations).

3.23.1. Executing OPT_EXPR pass (perform const folding).
Optimizing module alu8.

3.23.2. Executing OPT_MERGE pass (detect identical cells).
Finding identical cells in module `\alu8'.
Computing hashes of 211 cells of `\alu8'.
Finding duplicate cells in `\alu8'.
Removed a total of 0 cells.

3.23.3. Executing OPT_DFF pass (perform DFF optimizations).

3.23.4. Executing OPT_CLEAN pass (remove unused cells and wires).
Finding unused cells or wires in module \alu8..
Removed 0 unused cells and 189 unused wires.
<suppressed ~1 debug messages>

3.23.5. Finished fast OPT passes.

3.24. Executing HIERARCHY pass (managing design hierarchy).
Attribute `top' found on module `alu8'. Setting top module to alu8.

3.24.1. Analyzing design hierarchy..
Top module:  \alu8

3.24.2. Analyzing design hierarchy..
Top module:  \alu8
Removed 0 unused modules.

3.25. Printing statistics.

=== alu8 ===

        +----------Local Count, excluding submodules.
        | 
      207 wires
      230 wire bits
        5 public wires
       28 public wire bits
        5 ports
       28 port bits
      211 cells
       13   $_ANDNOT_
       61   $_AND_
       89   $_NAND_
        8   $_NOR_
       15   $_ORNOT_
       15   $_OR_
        2   $_XNOR_
        8   $_XOR_

3.26. Executing CHECK pass (checking for obvious problems).
Checking module alu8...
Found and reported 0 problems.

4. Executing CHECK pass (checking for obvious problems).
Checking module alu8...
Found and reported 0 problems.

5. Printing statistics.

=== alu8 ===

        +----------Local Count, excluding submodules.
        | 
      207 wires
      230 wire bits
        5 public wires
       28 public wire bits
        5 ports
       28 port bits
      211 cells
       13   $_ANDNOT_
       61   $_AND_
       89   $_NAND_
        8   $_NOR_
       15   $_ORNOT_
       15   $_OR_
        2   $_XNOR_
        8   $_XOR_

6. Executing Verilog backend.

6.1. Executing BMUXMAP pass.

6.2. Executing DEMUXMAP pass.
Dumping module `\alu8'.

7. Executing JSON backend.

End of script. Logfile hash: 4343664c2c, time: 0.29s, user: 0.03s, system: 0.06s, MEM: 21.83 MB peak
Yosys 0.68+40 (git sha1 0f2bcb94b-dirty, Release, Clang /usr/bin/clang++ 21.1.8)
Time spent: 56% 1x abc (0 sec), 9% 3x read_verilog (0 sec), ...
