
 /----------------------------------------------------------------------------\
 |  yosys -- Yosys Open SYnthesis Suite                                       |
 |  Copyright (C) 2012 - 2026  Claire Xenia Wolf <claire@yosyshq.com>         |
 |  Distributed under an ISC-like license, type "license" to see terms        |
 \----------------------------------------------------------------------------/
 Yosys 0.68+40 (git sha1 0f2bcb94b-dirty, Release, Clang /usr/bin/clang++ 21.1.8)

-- Running command `read_verilog -Irtl rtl/instruction_decoder.v rtl/control_unit.v; hierarchy -check -top control_unit; synth -top control_unit; check; stat; write_verilog build/control_unit_synth.v; write_json build/control_unit.json' --

1. Executing Verilog-2005 frontend: rtl/instruction_decoder.v
Parsing Verilog input from `rtl/instruction_decoder.v' to AST representation.
Generating RTLIL representation for module `\instruction_decoder'.
Successfully finished Verilog frontend.

2. Executing Verilog-2005 frontend: rtl/control_unit.v
Parsing Verilog input from `rtl/control_unit.v' to AST representation.
Generating RTLIL representation for module `\control_unit'.
Successfully finished Verilog frontend.

3. Executing HIERARCHY pass (managing design hierarchy).

3.1. Analyzing design hierarchy..
Top module:  \control_unit
Used module:     \instruction_decoder

3.2. Analyzing design hierarchy..
Top module:  \control_unit
Used module:     \instruction_decoder
Removed 0 unused modules.

4. Executing SYNTH pass.

4.1. Executing HIERARCHY pass (managing design hierarchy).

4.1.1. Analyzing design hierarchy..
Top module:  \control_unit
Used module:     \instruction_decoder

4.1.2. Analyzing design hierarchy..
Top module:  \control_unit
Used module:     \instruction_decoder
Removed 0 unused modules.

4.2. Executing PROC pass (convert processes to netlists).

4.2.1. Executing PROC_CLEAN pass (remove empty switches from decision trees).
Cleaned up 0 empty switches.

4.2.2. Executing PROC_RMDEAD pass (remove dead branches from decision trees).
Marked 4 switch rules as full_case in process $proc$rtl/control_unit.v:65$3 in module control_unit.
Marked 1 switch rules as full_case in process $proc$rtl/control_unit.v:57$2 in module control_unit.
Removed 1 dead cases from process $proc$rtl/instruction_decoder.v:21$1 in module instruction_decoder.
Marked 1 switch rules as full_case in process $proc$rtl/instruction_decoder.v:21$1 in module instruction_decoder.
Removed a total of 1 dead cases.

4.2.3. Executing PROC_PRUNE pass (remove redundant assignments in processes).
Removed 1 redundant assignment.
Promoted 23 assignments to connections.

4.2.4. Executing PROC_INIT pass (extract init attributes).

4.2.5. Executing PROC_ARST pass (detect async resets in processes).

4.2.6. Executing PROC_ROM pass (convert switches to ROMs).
Converted 1 switch.
<suppressed ~5 debug messages>

4.2.7. Executing PROC_MUX pass (convert decision trees to multiplexers).
Creating decoders for process `\control_unit.$proc$rtl/control_unit.v:65$3'.
     1/25: $2\out_we[0:0]
     2/25: $2\data_we[0:0]
     3/25: $2\c_we[0:0]
     4/25: $2\z_we[0:0]
     5/25: $2\acc_we[0:0]
     6/25: $2\operand_sel[0:0]
     7/25: $2\alu_op[2:0]
     8/25: $2\pc_load[0:0]
     9/25: $2\pc_inc[0:0]
    10/25: $2\ir_we[0:0]
    11/25: $4\next_state[1:0]
    12/25: $3\next_state[1:0]
    13/25: $2\next_state[1:0]
    14/25: $1\pc_inc[0:0]
    15/25: $1\ir_we[0:0]
    16/25: $1\next_state[1:0]
    17/25: $1\halted[0:0]
    18/25: $1\pc_load[0:0]
    19/25: $1\out_we[0:0]
    20/25: $1\data_we[0:0]
    21/25: $1\c_we[0:0]
    22/25: $1\z_we[0:0]
    23/25: $1\acc_we[0:0]
    24/25: $1\operand_sel[0:0]
    25/25: $1\alu_op[2:0]
Creating decoders for process `\control_unit.$proc$rtl/control_unit.v:57$2'.
     1/1: $0\state_reg[1:0]
Creating decoders for process `\instruction_decoder.$proc$rtl/instruction_decoder.v:21$1'.
     1/1: { $1\reserved[0:0] $1\halt[0:0] $1\jump_zero[0:0] $1\jump[0:0] $1\out_we[0:0] $1\data_we[0:0] $1\c_we[0:0] $1\z_we[0:0] $1\acc_we[0:0] $1\operand_sel[0:0] $1\alu_op[2:0] }

4.2.8. Executing PROC_DLATCH pass (convert process syncs to latches).
No latch inferred for signal `\control_unit.\alu_op' from process `\control_unit.$proc$rtl/control_unit.v:65$3'.
No latch inferred for signal `\control_unit.\operand_sel' from process `\control_unit.$proc$rtl/control_unit.v:65$3'.
No latch inferred for signal `\control_unit.\acc_we' from process `\control_unit.$proc$rtl/control_unit.v:65$3'.
No latch inferred for signal `\control_unit.\z_we' from process `\control_unit.$proc$rtl/control_unit.v:65$3'.
No latch inferred for signal `\control_unit.\c_we' from process `\control_unit.$proc$rtl/control_unit.v:65$3'.
No latch inferred for signal `\control_unit.\data_we' from process `\control_unit.$proc$rtl/control_unit.v:65$3'.
No latch inferred for signal `\control_unit.\out_we' from process `\control_unit.$proc$rtl/control_unit.v:65$3'.
No latch inferred for signal `\control_unit.\ir_we' from process `\control_unit.$proc$rtl/control_unit.v:65$3'.
No latch inferred for signal `\control_unit.\pc_inc' from process `\control_unit.$proc$rtl/control_unit.v:65$3'.
No latch inferred for signal `\control_unit.\pc_load' from process `\control_unit.$proc$rtl/control_unit.v:65$3'.
No latch inferred for signal `\control_unit.\halted' from process `\control_unit.$proc$rtl/control_unit.v:65$3'.
No latch inferred for signal `\control_unit.\next_state' from process `\control_unit.$proc$rtl/control_unit.v:65$3'.
No latch inferred for signal `\instruction_decoder.\alu_op' from process `\instruction_decoder.$proc$rtl/instruction_decoder.v:21$1'.
No latch inferred for signal `\instruction_decoder.\operand_sel' from process `\instruction_decoder.$proc$rtl/instruction_decoder.v:21$1'.
No latch inferred for signal `\instruction_decoder.\acc_we' from process `\instruction_decoder.$proc$rtl/instruction_decoder.v:21$1'.
No latch inferred for signal `\instruction_decoder.\z_we' from process `\instruction_decoder.$proc$rtl/instruction_decoder.v:21$1'.
No latch inferred for signal `\instruction_decoder.\c_we' from process `\instruction_decoder.$proc$rtl/instruction_decoder.v:21$1'.
No latch inferred for signal `\instruction_decoder.\data_we' from process `\instruction_decoder.$proc$rtl/instruction_decoder.v:21$1'.
No latch inferred for signal `\instruction_decoder.\out_we' from process `\instruction_decoder.$proc$rtl/instruction_decoder.v:21$1'.
No latch inferred for signal `\instruction_decoder.\jump' from process `\instruction_decoder.$proc$rtl/instruction_decoder.v:21$1'.
No latch inferred for signal `\instruction_decoder.\jump_zero' from process `\instruction_decoder.$proc$rtl/instruction_decoder.v:21$1'.
No latch inferred for signal `\instruction_decoder.\halt' from process `\instruction_decoder.$proc$rtl/instruction_decoder.v:21$1'.
No latch inferred for signal `\instruction_decoder.\reserved' from process `\instruction_decoder.$proc$rtl/instruction_decoder.v:21$1'.

4.2.9. Executing PROC_DFF pass (convert process syncs to FFs).
Creating register for signal `\control_unit.\state_reg' using process `\control_unit.$proc$rtl/control_unit.v:57$2'.
  created $dff cell `$procdff$113' with positive edge clock.

4.2.10. Executing PROC_MEMWR pass (convert process memory writes to cells).

4.2.11. Executing PROC_CLEAN pass (remove empty switches from decision trees).
Found and cleaned up 4 empty switches in `\control_unit.$proc$rtl/control_unit.v:65$3'.
Removing empty process `control_unit.$proc$rtl/control_unit.v:65$3'.
Found and cleaned up 1 empty switch in `\control_unit.$proc$rtl/control_unit.v:57$2'.
Removing empty process `control_unit.$proc$rtl/control_unit.v:57$2'.
Found and cleaned up 1 empty switch in `\instruction_decoder.$proc$rtl/instruction_decoder.v:21$1'.
Removing empty process `instruction_decoder.$proc$rtl/instruction_decoder.v:21$1'.
Cleaned up 6 empty switches.

4.2.12. Executing OPT_EXPR pass (perform const folding).
Optimizing module control_unit.
<suppressed ~3 debug messages>
Optimizing module instruction_decoder.

4.3. Executing OPT_EXPR pass (perform const folding).
Optimizing module control_unit.
Optimizing module instruction_decoder.

4.4. Executing OPT_CLEAN pass (remove unused cells and wires).
Finding unused cells or wires in module \control_unit..
Finding unused cells or wires in module \instruction_decoder..
Removed 0 unused cells and 87 unused wires.
<suppressed ~2 debug messages>

4.5. Executing CHECK pass (checking for obvious problems).
Checking module control_unit...
Checking module instruction_decoder...
Found and reported 0 problems.

4.6. Executing OPT pass (performing simple optimizations).

4.6.1. Executing OPT_EXPR pass (perform const folding).
Optimizing module control_unit.
Optimizing module instruction_decoder.

4.6.2. Executing OPT_MERGE pass (detect identical cells).
Finding identical cells in module `\control_unit'.
Computing hashes of 48 cells of `\control_unit'.
Finding duplicate cells in `\control_unit'.
Computing hashes of 35 cells of `\control_unit'.
Finding duplicate cells in `\control_unit'.
<suppressed ~39 debug messages>
Finding identical cells in module `\instruction_decoder'.
Computing hashes of 2 cells of `\instruction_decoder'.
Finding duplicate cells in `\instruction_decoder'.
Removed a total of 13 cells.

4.6.3. Executing OPT_MUXTREE pass (detect dead branches in mux trees).
Running muxtree optimizer on module \control_unit..
  Creating internal representation of mux trees.
  Evaluating internal representation of mux trees.
  Analyzing evaluation results.
    dead port 2/2 on $mux $procmux$57.
    dead port 2/2 on $mux $procmux$50.
    dead port 1/2 on $mux $procmux$48.
    dead port 1/2 on $mux $procmux$41.
Running muxtree optimizer on module \instruction_decoder..
  Creating internal representation of mux trees.
  No muxes found in this module.
Removed 4 multiplexer ports.
<suppressed ~40 debug messages>

4.6.4. Executing OPT_REDUCE pass (consolidate $*mux and $reduce_* inputs).
  Optimizing cells in module \control_unit.
  Optimizing cells in module \instruction_decoder.
Performed a total of 0 changes.

4.6.5. Executing OPT_MERGE pass (detect identical cells).
Finding identical cells in module `\control_unit'.
Computing hashes of 31 cells of `\control_unit'.
Finding duplicate cells in `\control_unit'.
Computing hashes of 30 cells of `\control_unit'.
Finding duplicate cells in `\control_unit'.
Computing hashes of 29 cells of `\control_unit'.
Finding duplicate cells in `\control_unit'.
<suppressed ~6 debug messages>
Finding identical cells in module `\instruction_decoder'.
Computing hashes of 2 cells of `\instruction_decoder'.
Finding duplicate cells in `\instruction_decoder'.
Removed a total of 2 cells.

4.6.6. Executing OPT_DFF pass (perform DFF optimizations).

4.6.7. Executing OPT_CLEAN pass (remove unused cells and wires).
Finding unused cells or wires in module \control_unit..
Finding unused cells or wires in module \instruction_decoder..
Removed 0 unused cells and 18 unused wires.
<suppressed ~1 debug messages>

4.6.8. Executing OPT_EXPR pass (perform const folding).
Optimizing module control_unit.
Optimizing module instruction_decoder.

4.6.9. Rerunning OPT passes. (Maybe there is more to do..)

4.6.10. Executing OPT_MUXTREE pass (detect dead branches in mux trees).
Running muxtree optimizer on module \control_unit..
  Creating internal representation of mux trees.
  Evaluating internal representation of mux trees.
  Analyzing evaluation results.
Running muxtree optimizer on module \instruction_decoder..
  Creating internal representation of mux trees.
  No muxes found in this module.
Removed 0 multiplexer ports.
<suppressed ~33 debug messages>

4.6.11. Executing OPT_REDUCE pass (consolidate $*mux and $reduce_* inputs).
  Optimizing cells in module \control_unit.
  Optimizing cells in module \instruction_decoder.
Performed a total of 0 changes.

4.6.12. Executing OPT_MERGE pass (detect identical cells).
Finding identical cells in module `\control_unit'.
Computing hashes of 29 cells of `\control_unit'.
Finding duplicate cells in `\control_unit'.
Finding identical cells in module `\instruction_decoder'.
Computing hashes of 2 cells of `\instruction_decoder'.
Finding duplicate cells in `\instruction_decoder'.
Removed a total of 0 cells.

4.6.13. Executing OPT_DFF pass (perform DFF optimizations).

4.6.14. Executing OPT_CLEAN pass (remove unused cells and wires).
Finding unused cells or wires in module \control_unit..
Finding unused cells or wires in module \instruction_decoder..

4.6.15. Executing OPT_EXPR pass (perform const folding).
Optimizing module control_unit.
Optimizing module instruction_decoder.

4.6.16. Finished fast OPT passes. (There is nothing left to do.)

4.7. Executing FSM pass (extract and optimize FSM).

4.7.1. Executing FSM_DETECT pass (finding FSMs in design).
Not marking control_unit.state_reg as FSM state register:
    Register is connected to module port.
    Users of register don't seem to benefit from recoding.

4.7.2. Executing FSM_EXTRACT pass (extracting FSM from design).

4.7.3. Executing FSM_OPT pass (simple optimizations of FSMs).

4.7.4. Executing OPT_CLEAN pass (remove unused cells and wires).
Finding unused cells or wires in module \control_unit..
Finding unused cells or wires in module \instruction_decoder..

4.7.5. Executing FSM_OPT pass (simple optimizations of FSMs).

4.7.6. Executing FSM_RECODE pass (re-assigning FSM state encoding).

4.7.7. Executing FSM_INFO pass (dumping all available information on FSM cells).

4.7.8. Executing FSM_MAP pass (mapping FSMs to basic logic).

4.8. Executing OPT pass (performing simple optimizations).

4.8.1. Executing OPT_EXPR pass (perform const folding).
Optimizing module control_unit.
Optimizing module instruction_decoder.

4.8.2. Executing OPT_MERGE pass (detect identical cells).
Finding identical cells in module `\control_unit'.
Computing hashes of 29 cells of `\control_unit'.
Finding duplicate cells in `\control_unit'.
Finding identical cells in module `\instruction_decoder'.
Computing hashes of 2 cells of `\instruction_decoder'.
Finding duplicate cells in `\instruction_decoder'.
Removed a total of 0 cells.

4.8.3. Executing OPT_MUXTREE pass (detect dead branches in mux trees).
Running muxtree optimizer on module \control_unit..
  Creating internal representation of mux trees.
  Evaluating internal representation of mux trees.
  Analyzing evaluation results.
Running muxtree optimizer on module \instruction_decoder..
  Creating internal representation of mux trees.
  No muxes found in this module.
Removed 0 multiplexer ports.
<suppressed ~33 debug messages>

4.8.4. Executing OPT_REDUCE pass (consolidate $*mux and $reduce_* inputs).
  Optimizing cells in module \control_unit.
  Optimizing cells in module \instruction_decoder.
Performed a total of 0 changes.

4.8.5. Executing OPT_MERGE pass (detect identical cells).
Finding identical cells in module `\control_unit'.
Computing hashes of 29 cells of `\control_unit'.
Finding duplicate cells in `\control_unit'.
Finding identical cells in module `\instruction_decoder'.
Computing hashes of 2 cells of `\instruction_decoder'.
Finding duplicate cells in `\instruction_decoder'.
Removed a total of 0 cells.

4.8.6. Executing OPT_DFF pass (perform DFF optimizations).
Adding SRST signal on $procdff$113 ($dff) from module control_unit (D = \next_state, Q = \state_reg, rval = 2'00).

4.8.7. Executing OPT_CLEAN pass (remove unused cells and wires).
Finding unused cells or wires in module \control_unit..
Finding unused cells or wires in module \instruction_decoder..
Removed 1 unused cells and 1 unused wires.
<suppressed ~2 debug messages>

4.8.8. Executing OPT_EXPR pass (perform const folding).
Optimizing module control_unit.
Optimizing module instruction_decoder.

4.8.9. Rerunning OPT passes. (Maybe there is more to do..)

4.8.10. Executing OPT_MUXTREE pass (detect dead branches in mux trees).
Running muxtree optimizer on module \control_unit..
  Creating internal representation of mux trees.
  Evaluating internal representation of mux trees.
  Analyzing evaluation results.
Running muxtree optimizer on module \instruction_decoder..
  Creating internal representation of mux trees.
  No muxes found in this module.
Removed 0 multiplexer ports.
<suppressed ~32 debug messages>

4.8.11. Executing OPT_REDUCE pass (consolidate $*mux and $reduce_* inputs).
  Optimizing cells in module \control_unit.
  Optimizing cells in module \instruction_decoder.
Performed a total of 0 changes.

4.8.12. Executing OPT_MERGE pass (detect identical cells).
Finding identical cells in module `\control_unit'.
Computing hashes of 28 cells of `\control_unit'.
Finding duplicate cells in `\control_unit'.
Finding identical cells in module `\instruction_decoder'.
Computing hashes of 2 cells of `\instruction_decoder'.
Finding duplicate cells in `\instruction_decoder'.
Removed a total of 0 cells.

4.8.13. Executing OPT_DFF pass (perform DFF optimizations).

4.8.14. Executing OPT_CLEAN pass (remove unused cells and wires).
Finding unused cells or wires in module \control_unit..
Finding unused cells or wires in module \instruction_decoder..

4.8.15. Executing OPT_EXPR pass (perform const folding).
Optimizing module control_unit.
Optimizing module instruction_decoder.

4.8.16. Finished fast OPT passes. (There is nothing left to do.)

4.9. Executing WREDUCE pass (reducing word size of cells).
Removed top 1 bits (of 2) from port B of cell control_unit.$procmux$108_CMP0 ($eq).
Removed top 28 address bits (of 32) from memory init port instruction_decoder.$auto$mem.cc:351:emit$9 ($auto$proc_rom.cc:155:do_switch$7).

4.10. Executing PEEPOPT pass (run peephole optimizers).

4.11. Executing OPT_CLEAN pass (remove unused cells and wires).
Finding unused cells or wires in module \control_unit..
Finding unused cells or wires in module \instruction_decoder..

4.12. Executing ALUMACC pass (create $alu and $macc cells).
Extracting $alu and $macc cells in module control_unit:
  created 0 $alu and 0 $macc cells.
Extracting $alu and $macc cells in module instruction_decoder:
  created 0 $alu and 0 $macc cells.

4.13. Executing SHARE pass (SAT-based resource sharing).

4.14. Executing OPT pass (performing simple optimizations).

4.14.1. Executing OPT_EXPR pass (perform const folding).
Optimizing module control_unit.
Optimizing module instruction_decoder.

4.14.2. Executing OPT_MERGE pass (detect identical cells).
Finding identical cells in module `\control_unit'.
Computing hashes of 28 cells of `\control_unit'.
Finding duplicate cells in `\control_unit'.
Finding identical cells in module `\instruction_decoder'.
Computing hashes of 2 cells of `\instruction_decoder'.
Finding duplicate cells in `\instruction_decoder'.
Removed a total of 0 cells.

4.14.3. Executing OPT_MUXTREE pass (detect dead branches in mux trees).
Running muxtree optimizer on module \control_unit..
  Creating internal representation of mux trees.
  Evaluating internal representation of mux trees.
  Analyzing evaluation results.
Running muxtree optimizer on module \instruction_decoder..
  Creating internal representation of mux trees.
  No muxes found in this module.
Removed 0 multiplexer ports.
<suppressed ~32 debug messages>

4.14.4. Executing OPT_REDUCE pass (consolidate $*mux and $reduce_* inputs).
  Optimizing cells in module \control_unit.
  Optimizing cells in module \instruction_decoder.
Performed a total of 0 changes.

4.14.5. Executing OPT_MERGE pass (detect identical cells).
Finding identical cells in module `\control_unit'.
Computing hashes of 28 cells of `\control_unit'.
Finding duplicate cells in `\control_unit'.
Finding identical cells in module `\instruction_decoder'.
Computing hashes of 2 cells of `\instruction_decoder'.
Finding duplicate cells in `\instruction_decoder'.
Removed a total of 0 cells.

4.14.6. Executing OPT_DFF pass (perform DFF optimizations).

4.14.7. Executing OPT_CLEAN pass (remove unused cells and wires).
Finding unused cells or wires in module \control_unit..
Finding unused cells or wires in module \instruction_decoder..

4.14.8. Executing OPT_EXPR pass (perform const folding).
Optimizing module control_unit.
Optimizing module instruction_decoder.

4.14.9. Finished fast OPT passes. (There is nothing left to do.)

4.15. Executing MEMORY pass.

4.15.1. Executing OPT_MEM pass (optimize memories).
Performed a total of 0 transformations.

4.15.2. Executing OPT_MEM_PRIORITY pass (removing unnecessary memory write priority relations).
Performed a total of 0 transformations.

4.15.3. Executing OPT_MEM_FEEDBACK pass (finding memory read-to-write feedback paths).

4.15.4. Executing MEMORY_BMUX2ROM pass (converting muxes to ROMs).

4.15.5. Executing MEMORY_DFF pass (merging $dff cells to $memrd).
Checking read port `$auto$proc_rom.cc:155:do_switch$7'[0] in module `\instruction_decoder': no output FF found.
Checking read port address `$auto$proc_rom.cc:155:do_switch$7'[0] in module `\instruction_decoder': no address FF found.

4.15.6. Executing OPT_CLEAN pass (remove unused cells and wires).
Finding unused cells or wires in module \control_unit..
Finding unused cells or wires in module \instruction_decoder..

4.15.7. Executing MEMORY_SHARE pass (consolidating $memrd/$memwr cells).

4.15.8. Executing OPT_MEM_WIDEN pass (optimize memories where all ports are wide).
Performed a total of 0 transformations.

4.15.9. Executing OPT_CLEAN pass (remove unused cells and wires).
Finding unused cells or wires in module \control_unit..
Finding unused cells or wires in module \instruction_decoder..

4.15.10. Executing MEMORY_COLLECT pass (generating $mem cells).

4.16. Executing OPT_CLEAN pass (remove unused cells and wires).
Finding unused cells or wires in module \control_unit..
Finding unused cells or wires in module \instruction_decoder..

4.17. Executing OPT pass (performing simple optimizations).

4.17.1. Executing OPT_EXPR pass (perform const folding).
Optimizing module control_unit.
<suppressed ~9 debug messages>
Optimizing module instruction_decoder.

4.17.2. Executing OPT_MERGE pass (detect identical cells).
Finding identical cells in module `\control_unit'.
Computing hashes of 26 cells of `\control_unit'.
Finding duplicate cells in `\control_unit'.
Finding identical cells in module `\instruction_decoder'.
Computing hashes of 1 cells of `\instruction_decoder'.
Finding duplicate cells in `\instruction_decoder'.
Removed a total of 0 cells.

4.17.3. Executing OPT_DFF pass (perform DFF optimizations).

4.17.4. Executing OPT_CLEAN pass (remove unused cells and wires).
Finding unused cells or wires in module \control_unit..
Finding unused cells or wires in module \instruction_decoder..
Removed 0 unused cells and 2 unused wires.
<suppressed ~1 debug messages>

4.17.5. Finished fast OPT passes.

4.18. Executing MEMORY_MAP pass (converting memories to logic and flip-flops).
Mapping memory $auto$proc_rom.cc:155:do_switch$7 in module \instruction_decoder:
  created 16 $dff cells and 0 static cells of width 13.
  read interface: 0 $dff and 15 $mux cells.
  write interface: 0 write mux blocks.

4.19. Executing OPT pass (performing simple optimizations).

4.19.1. Executing OPT_EXPR pass (perform const folding).
Optimizing module control_unit.
Optimizing module instruction_decoder.

4.19.2. Executing OPT_MERGE pass (detect identical cells).
Finding identical cells in module `\control_unit'.
Computing hashes of 26 cells of `\control_unit'.
Finding duplicate cells in `\control_unit'.
Finding identical cells in module `\instruction_decoder'.
Computing hashes of 15 cells of `\instruction_decoder'.
Finding duplicate cells in `\instruction_decoder'.
Removed a total of 0 cells.

4.19.3. Executing OPT_MUXTREE pass (detect dead branches in mux trees).
Running muxtree optimizer on module \control_unit..
  Creating internal representation of mux trees.
  Evaluating internal representation of mux trees.
  Analyzing evaluation results.
Running muxtree optimizer on module \instruction_decoder..
  Creating internal representation of mux trees.
  Evaluating internal representation of mux trees.
  Analyzing evaluation results.
Removed 0 multiplexer ports.
<suppressed ~38 debug messages>

4.19.4. Executing OPT_REDUCE pass (consolidate $*mux and $reduce_* inputs).
  Optimizing cells in module \control_unit.
    Consolidated identical input bits for $mux cell $procmux$55:
      Old ports: A=2'00, B=2'10, Y=$2\next_state[1:0]
      New ports: A=1'0, B=1'1, Y=$2\next_state[1:0] [1]
      New connections: $2\next_state[1:0] [0] = 1'0
  Optimizing cells in module \control_unit.
  Optimizing cells in module \instruction_decoder.
    Consolidated identical input bits for $mux cell $memory$auto$proc_rom.cc:155:do_switch$7$rdmux[0][3][6]$156:
      Old ports: A=13'0000001110110, B=13'0000001110111, Y=$memory$auto$proc_rom.cc:155:do_switch$7$rdmux[0][2][3]$a$136
      New ports: A=1'0, B=1'1, Y=$memory$auto$proc_rom.cc:155:do_switch$7$rdmux[0][2][3]$a$136 [0]
      New connections: $memory$auto$proc_rom.cc:155:do_switch$7$rdmux[0][2][3]$a$136 [12:1] = 12'000000111011
    Consolidated identical input bits for $mux cell $memory$auto$proc_rom.cc:155:do_switch$7$rdmux[0][3][5]$153:
      Old ports: A=13'0010000000000, B=13'0000100000000, Y=$memory$auto$proc_rom.cc:155:do_switch$7$rdmux[0][2][2]$b$134
      New ports: A=2'10, B=2'01, Y={ $memory$auto$proc_rom.cc:155:do_switch$7$rdmux[0][2][2]$b$134 [10] $memory$auto$proc_rom.cc:155:do_switch$7$rdmux[0][2][2]$b$134 [8] }
      New connections: { $memory$auto$proc_rom.cc:155:do_switch$7$rdmux[0][2][2]$b$134 [12:11] $memory$auto$proc_rom.cc:155:do_switch$7$rdmux[0][2][2]$b$134 [9] $memory$auto$proc_rom.cc:155:do_switch$7$rdmux[0][2][2]$b$134 [7:0] } = 11'00000000000
    Consolidated identical input bits for $mux cell $memory$auto$proc_rom.cc:155:do_switch$7$rdmux[0][3][4]$150:
      Old ports: A=13'0000000111101, B=13'0001000000000, Y=$memory$auto$proc_rom.cc:155:do_switch$7$rdmux[0][2][2]$a$133
      New ports: A=2'01, B=2'10, Y={ $memory$auto$proc_rom.cc:155:do_switch$7$rdmux[0][2][2]$a$133 [9] $memory$auto$proc_rom.cc:155:do_switch$7$rdmux[0][2][2]$a$133 [0] }
      New connections: { $memory$auto$proc_rom.cc:155:do_switch$7$rdmux[0][2][2]$a$133 [12:10] $memory$auto$proc_rom.cc:155:do_switch$7$rdmux[0][2][2]$a$133 [8:1] } = { 6'000000 $memory$auto$proc_rom.cc:155:do_switch$7$rdmux[0][2][2]$a$133 [0] $memory$auto$proc_rom.cc:155:do_switch$7$rdmux[0][2][2]$a$133 [0] $memory$auto$proc_rom.cc:155:do_switch$7$rdmux[0][2][2]$a$133 [0] $memory$auto$proc_rom.cc:155:do_switch$7$rdmux[0][2][2]$a$133 [0] 1'0 }
    Consolidated identical input bits for $mux cell $memory$auto$proc_rom.cc:155:do_switch$7$rdmux[0][3][3]$147:
      Old ports: A=13'0000000111011, B=13'0000000111100, Y=$memory$auto$proc_rom.cc:155:do_switch$7$rdmux[0][2][1]$b$131
      New ports: A=2'01, B=2'10, Y={ $memory$auto$proc_rom.cc:155:do_switch$7$rdmux[0][2][1]$b$131 [2] $memory$auto$proc_rom.cc:155:do_switch$7$rdmux[0][2][1]$b$131 [0] }
      New connections: { $memory$auto$proc_rom.cc:155:do_switch$7$rdmux[0][2][1]$b$131 [12:3] $memory$auto$proc_rom.cc:155:do_switch$7$rdmux[0][2][1]$b$131 [1] } = { 10'0000000111 $memory$auto$proc_rom.cc:155:do_switch$7$rdmux[0][2][1]$b$131 [0] }
    Consolidated identical input bits for $mux cell $memory$auto$proc_rom.cc:155:do_switch$7$rdmux[0][3][2]$144:
      Old ports: A=13'0000001111001, B=13'0000001111010, Y=$memory$auto$proc_rom.cc:155:do_switch$7$rdmux[0][2][1]$a$130
      New ports: A=2'01, B=2'10, Y=$memory$auto$proc_rom.cc:155:do_switch$7$rdmux[0][2][1]$a$130 [1:0]
      New connections: $memory$auto$proc_rom.cc:155:do_switch$7$rdmux[0][2][1]$a$130 [12:2] = 11'00000011110
    Consolidated identical input bits for $mux cell $memory$auto$proc_rom.cc:155:do_switch$7$rdmux[0][3][1]$141:
      Old ports: A=13'0000000111000, B=13'0000010000000, Y=$memory$auto$proc_rom.cc:155:do_switch$7$rdmux[0][2][0]$b$128
      New ports: A=2'01, B=2'10, Y={ $memory$auto$proc_rom.cc:155:do_switch$7$rdmux[0][2][0]$b$128 [7] $memory$auto$proc_rom.cc:155:do_switch$7$rdmux[0][2][0]$b$128 [3] }
      New connections: { $memory$auto$proc_rom.cc:155:do_switch$7$rdmux[0][2][0]$b$128 [12:8] $memory$auto$proc_rom.cc:155:do_switch$7$rdmux[0][2][0]$b$128 [6:4] $memory$auto$proc_rom.cc:155:do_switch$7$rdmux[0][2][0]$b$128 [2:0] } = { 6'000000 $memory$auto$proc_rom.cc:155:do_switch$7$rdmux[0][2][0]$b$128 [3] $memory$auto$proc_rom.cc:155:do_switch$7$rdmux[0][2][0]$b$128 [3] 3'000 }
    Consolidated identical input bits for $mux cell $memory$auto$proc_rom.cc:155:do_switch$7$rdmux[0][3][0]$138:
      Old ports: A=13'0000000000000, B=13'0000000110000, Y=$memory$auto$proc_rom.cc:155:do_switch$7$rdmux[0][2][0]$a$127
      New ports: A=1'0, B=1'1, Y=$memory$auto$proc_rom.cc:155:do_switch$7$rdmux[0][2][0]$a$127 [4]
      New connections: { $memory$auto$proc_rom.cc:155:do_switch$7$rdmux[0][2][0]$a$127 [12:5] $memory$auto$proc_rom.cc:155:do_switch$7$rdmux[0][2][0]$a$127 [3:0] } = { 7'0000000 $memory$auto$proc_rom.cc:155:do_switch$7$rdmux[0][2][0]$a$127 [4] 4'0000 }
    Consolidated identical input bits for $mux cell $memory$auto$proc_rom.cc:155:do_switch$7$rdmux[0][3][7]$159:
      Old ports: A=13'1000000000000, B=13'0100000000000, Y=$memory$auto$proc_rom.cc:155:do_switch$7$rdmux[0][2][3]$b$137
      New ports: A=2'10, B=2'01, Y=$memory$auto$proc_rom.cc:155:do_switch$7$rdmux[0][2][3]$b$137 [12:11]
      New connections: $memory$auto$proc_rom.cc:155:do_switch$7$rdmux[0][2][3]$b$137 [10:0] = 11'00000000000
  Optimizing cells in module \instruction_decoder.
    Consolidated identical input bits for $mux cell $memory$auto$proc_rom.cc:155:do_switch$7$rdmux[0][2][3]$135:
      Old ports: A=$memory$auto$proc_rom.cc:155:do_switch$7$rdmux[0][2][3]$a$136, B=$memory$auto$proc_rom.cc:155:do_switch$7$rdmux[0][2][3]$b$137, Y=$memory$auto$proc_rom.cc:155:do_switch$7$rdmux[0][1][1]$b$125
      New ports: A={ 3'001 $memory$auto$proc_rom.cc:155:do_switch$7$rdmux[0][2][3]$a$136 [0] }, B={ $memory$auto$proc_rom.cc:155:do_switch$7$rdmux[0][2][3]$b$137 [12:11] 2'00 }, Y={ $memory$auto$proc_rom.cc:155:do_switch$7$rdmux[0][1][1]$b$125 [12:11] $memory$auto$proc_rom.cc:155:do_switch$7$rdmux[0][1][1]$b$125 [1:0] }
      New connections: $memory$auto$proc_rom.cc:155:do_switch$7$rdmux[0][1][1]$b$125 [10:2] = { 4'0000 $memory$auto$proc_rom.cc:155:do_switch$7$rdmux[0][1][1]$b$125 [1] $memory$auto$proc_rom.cc:155:do_switch$7$rdmux[0][1][1]$b$125 [1] $memory$auto$proc_rom.cc:155:do_switch$7$rdmux[0][1][1]$b$125 [1] 1'0 $memory$auto$proc_rom.cc:155:do_switch$7$rdmux[0][1][1]$b$125 [1] }
    Consolidated identical input bits for $mux cell $memory$auto$proc_rom.cc:155:do_switch$7$rdmux[0][2][2]$132:
      Old ports: A=$memory$auto$proc_rom.cc:155:do_switch$7$rdmux[0][2][2]$a$133, B=$memory$auto$proc_rom.cc:155:do_switch$7$rdmux[0][2][2]$b$134, Y=$memory$auto$proc_rom.cc:155:do_switch$7$rdmux[0][1][1]$a$124
      New ports: A={ 1'0 $memory$auto$proc_rom.cc:155:do_switch$7$rdmux[0][2][2]$a$133 [9] 1'0 $memory$auto$proc_rom.cc:155:do_switch$7$rdmux[0][2][2]$a$133 [0] }, B={ $memory$auto$proc_rom.cc:155:do_switch$7$rdmux[0][2][2]$b$134 [10] 1'0 $memory$auto$proc_rom.cc:155:do_switch$7$rdmux[0][2][2]$b$134 [8] 1'0 }, Y={ $memory$auto$proc_rom.cc:155:do_switch$7$rdmux[0][1][1]$a$124 [10:8] $memory$auto$proc_rom.cc:155:do_switch$7$rdmux[0][1][1]$a$124 [0] }
      New connections: { $memory$auto$proc_rom.cc:155:do_switch$7$rdmux[0][1][1]$a$124 [12:11] $memory$auto$proc_rom.cc:155:do_switch$7$rdmux[0][1][1]$a$124 [7:1] } = { 4'0000 $memory$auto$proc_rom.cc:155:do_switch$7$rdmux[0][1][1]$a$124 [0] $memory$auto$proc_rom.cc:155:do_switch$7$rdmux[0][1][1]$a$124 [0] $memory$auto$proc_rom.cc:155:do_switch$7$rdmux[0][1][1]$a$124 [0] $memory$auto$proc_rom.cc:155:do_switch$7$rdmux[0][1][1]$a$124 [0] 1'0 }
    Consolidated identical input bits for $mux cell $memory$auto$proc_rom.cc:155:do_switch$7$rdmux[0][2][1]$129:
      Old ports: A=$memory$auto$proc_rom.cc:155:do_switch$7$rdmux[0][2][1]$a$130, B=$memory$auto$proc_rom.cc:155:do_switch$7$rdmux[0][2][1]$b$131, Y=$memory$auto$proc_rom.cc:155:do_switch$7$rdmux[0][1][0]$b$122
      New ports: A={ 2'10 $memory$auto$proc_rom.cc:155:do_switch$7$rdmux[0][2][1]$a$130 [1:0] }, B={ 1'0 $memory$auto$proc_rom.cc:155:do_switch$7$rdmux[0][2][1]$b$131 [2] $memory$auto$proc_rom.cc:155:do_switch$7$rdmux[0][2][1]$b$131 [0] $memory$auto$proc_rom.cc:155:do_switch$7$rdmux[0][2][1]$b$131 [0] }, Y={ $memory$auto$proc_rom.cc:155:do_switch$7$rdmux[0][1][0]$b$122 [6] $memory$auto$proc_rom.cc:155:do_switch$7$rdmux[0][1][0]$b$122 [2:0] }
      New connections: { $memory$auto$proc_rom.cc:155:do_switch$7$rdmux[0][1][0]$b$122 [12:7] $memory$auto$proc_rom.cc:155:do_switch$7$rdmux[0][1][0]$b$122 [5:3] } = 9'000000111
    Consolidated identical input bits for $mux cell $memory$auto$proc_rom.cc:155:do_switch$7$rdmux[0][2][0]$126:
      Old ports: A=$memory$auto$proc_rom.cc:155:do_switch$7$rdmux[0][2][0]$a$127, B=$memory$auto$proc_rom.cc:155:do_switch$7$rdmux[0][2][0]$b$128, Y=$memory$auto$proc_rom.cc:155:do_switch$7$rdmux[0][1][0]$a$121
      New ports: A={ 1'0 $memory$auto$proc_rom.cc:155:do_switch$7$rdmux[0][2][0]$a$127 [4] 1'0 }, B={ $memory$auto$proc_rom.cc:155:do_switch$7$rdmux[0][2][0]$b$128 [7] $memory$auto$proc_rom.cc:155:do_switch$7$rdmux[0][2][0]$b$128 [3] $memory$auto$proc_rom.cc:155:do_switch$7$rdmux[0][2][0]$b$128 [3] }, Y={ $memory$auto$proc_rom.cc:155:do_switch$7$rdmux[0][1][0]$a$121 [7] $memory$auto$proc_rom.cc:155:do_switch$7$rdmux[0][1][0]$a$121 [4:3] }
      New connections: { $memory$auto$proc_rom.cc:155:do_switch$7$rdmux[0][1][0]$a$121 [12:8] $memory$auto$proc_rom.cc:155:do_switch$7$rdmux[0][1][0]$a$121 [6:5] $memory$auto$proc_rom.cc:155:do_switch$7$rdmux[0][1][0]$a$121 [2:0] } = { 6'000000 $memory$auto$proc_rom.cc:155:do_switch$7$rdmux[0][1][0]$a$121 [4] 3'000 }
  Optimizing cells in module \instruction_decoder.
    Consolidated identical input bits for $mux cell $memory$auto$proc_rom.cc:155:do_switch$7$rdmux[0][1][1]$123:
      Old ports: A=$memory$auto$proc_rom.cc:155:do_switch$7$rdmux[0][1][1]$a$124, B=$memory$auto$proc_rom.cc:155:do_switch$7$rdmux[0][1][1]$b$125, Y=$memory$auto$proc_rom.cc:155:do_switch$7$rdmux[0][0][0]$b$119
      New ports: A={ 2'00 $memory$auto$proc_rom.cc:155:do_switch$7$rdmux[0][1][1]$a$124 [10:8] $memory$auto$proc_rom.cc:155:do_switch$7$rdmux[0][1][1]$a$124 [0] $memory$auto$proc_rom.cc:155:do_switch$7$rdmux[0][1][1]$a$124 [0] 1'0 $memory$auto$proc_rom.cc:155:do_switch$7$rdmux[0][1][1]$a$124 [0] }, B={ $memory$auto$proc_rom.cc:155:do_switch$7$rdmux[0][1][1]$b$125 [12:11] 4'0000 $memory$auto$proc_rom.cc:155:do_switch$7$rdmux[0][1][1]$b$125 [1] $memory$auto$proc_rom.cc:155:do_switch$7$rdmux[0][1][1]$b$125 [1:0] }, Y={ $memory$auto$proc_rom.cc:155:do_switch$7$rdmux[0][0][0]$b$119 [12:8] $memory$auto$proc_rom.cc:155:do_switch$7$rdmux[0][0][0]$b$119 [3:0] }
      New connections: $memory$auto$proc_rom.cc:155:do_switch$7$rdmux[0][0][0]$b$119 [7:4] = { 1'0 $memory$auto$proc_rom.cc:155:do_switch$7$rdmux[0][0][0]$b$119 [1] $memory$auto$proc_rom.cc:155:do_switch$7$rdmux[0][0][0]$b$119 [2] $memory$auto$proc_rom.cc:155:do_switch$7$rdmux[0][0][0]$b$119 [2] }
    Consolidated identical input bits for $mux cell $memory$auto$proc_rom.cc:155:do_switch$7$rdmux[0][1][0]$120:
      Old ports: A=$memory$auto$proc_rom.cc:155:do_switch$7$rdmux[0][1][0]$a$121, B=$memory$auto$proc_rom.cc:155:do_switch$7$rdmux[0][1][0]$b$122, Y=$memory$auto$proc_rom.cc:155:do_switch$7$rdmux[0][0][0]$a$118
      New ports: A={ $memory$auto$proc_rom.cc:155:do_switch$7$rdmux[0][1][0]$a$121 [7] 1'0 $memory$auto$proc_rom.cc:155:do_switch$7$rdmux[0][1][0]$a$121 [4:3] 3'000 }, B={ 1'0 $memory$auto$proc_rom.cc:155:do_switch$7$rdmux[0][1][0]$b$122 [6] 2'11 $memory$auto$proc_rom.cc:155:do_switch$7$rdmux[0][1][0]$b$122 [2:0] }, Y={ $memory$auto$proc_rom.cc:155:do_switch$7$rdmux[0][0][0]$a$118 [7:6] $memory$auto$proc_rom.cc:155:do_switch$7$rdmux[0][0][0]$a$118 [4:0] }
      New connections: { $memory$auto$proc_rom.cc:155:do_switch$7$rdmux[0][0][0]$a$118 [12:8] $memory$auto$proc_rom.cc:155:do_switch$7$rdmux[0][0][0]$a$118 [5] } = { 5'00000 $memory$auto$proc_rom.cc:155:do_switch$7$rdmux[0][0][0]$a$118 [4] }
  Optimizing cells in module \instruction_decoder.
    Consolidated identical input bits for $mux cell $memory$auto$proc_rom.cc:155:do_switch$7$rdmux[0][0][0]$117:
      Old ports: A=$memory$auto$proc_rom.cc:155:do_switch$7$rdmux[0][0][0]$a$118, B=$memory$auto$proc_rom.cc:155:do_switch$7$rdmux[0][0][0]$b$119, Y={ \reserved \halt \jump_zero \jump \out_we \data_we \c_we \z_we \acc_we \operand_sel \alu_op }
      New ports: A={ 5'00000 $memory$auto$proc_rom.cc:155:do_switch$7$rdmux[0][0][0]$a$118 [7:6] $memory$auto$proc_rom.cc:155:do_switch$7$rdmux[0][0][0]$a$118 [4:0] }, B={ $memory$auto$proc_rom.cc:155:do_switch$7$rdmux[0][0][0]$b$119 [12:8] 1'0 $memory$auto$proc_rom.cc:155:do_switch$7$rdmux[0][0][0]$b$119 [1] $memory$auto$proc_rom.cc:155:do_switch$7$rdmux[0][0][0]$b$119 [2] $memory$auto$proc_rom.cc:155:do_switch$7$rdmux[0][0][0]$b$119 [3:0] }, Y={ \reserved \halt \jump_zero \jump \out_we \data_we \c_we \acc_we \operand_sel \alu_op }
      New connections: \z_we = \acc_we
  Optimizing cells in module \instruction_decoder.
Performed a total of 16 changes.

4.19.5. Executing OPT_MERGE pass (detect identical cells).
Finding identical cells in module `\control_unit'.
Computing hashes of 26 cells of `\control_unit'.
Finding duplicate cells in `\control_unit'.
Finding identical cells in module `\instruction_decoder'.
Computing hashes of 15 cells of `\instruction_decoder'.
Finding duplicate cells in `\instruction_decoder'.
Computing hashes of 10 cells of `\instruction_decoder'.
Finding duplicate cells in `\instruction_decoder'.
<suppressed ~15 debug messages>
Removed a total of 5 cells.

4.19.6. Executing OPT_SHARE pass.

4.19.7. Executing OPT_DFF pass (perform DFF optimizations).

4.19.8. Executing OPT_CLEAN pass (remove unused cells and wires).
Finding unused cells or wires in module \control_unit..
Finding unused cells or wires in module \instruction_decoder..
Removed 0 unused cells and 21 unused wires.
<suppressed ~1 debug messages>

4.19.9. Executing OPT_EXPR pass (perform const folding).
Optimizing module control_unit.
<suppressed ~1 debug messages>
Optimizing module instruction_decoder.
<suppressed ~1 debug messages>

4.19.10. Rerunning OPT passes. (Maybe there is more to do..)

4.19.11. Executing OPT_MUXTREE pass (detect dead branches in mux trees).
Running muxtree optimizer on module \control_unit..
  Creating internal representation of mux trees.
  Evaluating internal representation of mux trees.
  Analyzing evaluation results.
Running muxtree optimizer on module \instruction_decoder..
  Creating internal representation of mux trees.
  Evaluating internal representation of mux trees.
  Analyzing evaluation results.
Removed 0 multiplexer ports.
<suppressed ~39 debug messages>

4.19.12. Executing OPT_REDUCE pass (consolidate $*mux and $reduce_* inputs).
  Optimizing cells in module \control_unit.
  Optimizing cells in module \instruction_decoder.
    Consolidated identical input bits for $mux cell $memory$auto$proc_rom.cc:155:do_switch$7$rdmux[0][2][1]$129:
      Old ports: A={ 2'10 $memory$auto$proc_rom.cc:155:do_switch$7$rdmux[0][2][0]$b$128 [7] $memory$auto$proc_rom.cc:155:do_switch$7$rdmux[0][2][0]$b$128 [3] }, B={ 1'0 $memory$auto$proc_rom.cc:155:do_switch$7$rdmux[0][2][0]$b$128 [7] $memory$auto$proc_rom.cc:155:do_switch$7$rdmux[0][2][0]$b$128 [3] $memory$auto$proc_rom.cc:155:do_switch$7$rdmux[0][2][0]$b$128 [3] }, Y={ $memory$auto$proc_rom.cc:155:do_switch$7$rdmux[0][1][0]$b$122 [6] $memory$auto$proc_rom.cc:155:do_switch$7$rdmux[0][1][0]$b$122 [2:0] }
      New ports: A={ 2'10 $memory$auto$proc_rom.cc:155:do_switch$7$rdmux[0][2][0]$b$128 [7] }, B={ 1'0 $memory$auto$proc_rom.cc:155:do_switch$7$rdmux[0][2][0]$b$128 [7] $memory$auto$proc_rom.cc:155:do_switch$7$rdmux[0][2][0]$b$128 [3] }, Y={ $memory$auto$proc_rom.cc:155:do_switch$7$rdmux[0][1][0]$b$122 [6] $memory$auto$proc_rom.cc:155:do_switch$7$rdmux[0][1][0]$b$122 [2:1] }
      New connections: $memory$auto$proc_rom.cc:155:do_switch$7$rdmux[0][1][0]$b$122 [0] = $memory$auto$proc_rom.cc:155:do_switch$7$rdmux[0][2][0]$b$128 [3]
  Optimizing cells in module \instruction_decoder.
Performed a total of 1 changes.

4.19.13. Executing OPT_MERGE pass (detect identical cells).
Finding identical cells in module `\control_unit'.
Computing hashes of 25 cells of `\control_unit'.
Finding duplicate cells in `\control_unit'.
Finding identical cells in module `\instruction_decoder'.
Computing hashes of 9 cells of `\instruction_decoder'.
Finding duplicate cells in `\instruction_decoder'.
Removed a total of 0 cells.

4.19.14. Executing OPT_SHARE pass.

4.19.15. Executing OPT_DFF pass (perform DFF optimizations).

4.19.16. Executing OPT_CLEAN pass (remove unused cells and wires).
Finding unused cells or wires in module \control_unit..
Finding unused cells or wires in module \instruction_decoder..
Removed 0 unused cells and 2 unused wires.
<suppressed ~2 debug messages>

4.19.17. Executing OPT_EXPR pass (perform const folding).
Optimizing module control_unit.
Optimizing module instruction_decoder.

4.19.18. Rerunning OPT passes. (Maybe there is more to do..)

4.19.19. Executing OPT_MUXTREE pass (detect dead branches in mux trees).
Running muxtree optimizer on module \control_unit..
  Creating internal representation of mux trees.
  Evaluating internal representation of mux trees.
  Analyzing evaluation results.
Running muxtree optimizer on module \instruction_decoder..
  Creating internal representation of mux trees.
  Evaluating internal representation of mux trees.
  Analyzing evaluation results.
Removed 0 multiplexer ports.
<suppressed ~38 debug messages>

4.19.20. Executing OPT_REDUCE pass (consolidate $*mux and $reduce_* inputs).
  Optimizing cells in module \control_unit.
  Optimizing cells in module \instruction_decoder.
Performed a total of 0 changes.

4.19.21. Executing OPT_MERGE pass (detect identical cells).
Finding identical cells in module `\control_unit'.
Computing hashes of 25 cells of `\control_unit'.
Finding duplicate cells in `\control_unit'.
Finding identical cells in module `\instruction_decoder'.
Computing hashes of 9 cells of `\instruction_decoder'.
Finding duplicate cells in `\instruction_decoder'.
Removed a total of 0 cells.

4.19.22. Executing OPT_SHARE pass.

4.19.23. Executing OPT_DFF pass (perform DFF optimizations).

4.19.24. Executing OPT_CLEAN pass (remove unused cells and wires).
Finding unused cells or wires in module \control_unit..
Finding unused cells or wires in module \instruction_decoder..

4.19.25. Executing OPT_EXPR pass (perform const folding).
Optimizing module control_unit.
Optimizing module instruction_decoder.

4.19.26. Finished fast OPT passes. (There is nothing left to do.)

4.20. Executing TECHMAP pass (map to technology primitives).

4.20.1. Executing Verilog-2005 frontend: /opt/oss-cad-suite/lib/../share/yosys/techmap.v
Parsing Verilog input from `/opt/oss-cad-suite/lib/../share/yosys/techmap.v' to AST representation.
Generating RTLIL representation for module `\_90_simplemap_bool_ops'.
Generating RTLIL representation for module `\_90_simplemap_reduce_ops'.
Generating RTLIL representation for module `\_90_simplemap_logic_ops'.
Generating RTLIL representation for module `\_90_simplemap_compare_ops'.
Generating RTLIL representation for module `\_90_simplemap_various'.
Generating RTLIL representation for module `\_90_simplemap_registers'.
Generating RTLIL representation for module `\_90_shift_ops_shr_shl_sshl_sshr'.
Generating RTLIL representation for module `\_90_shift_shiftx'.
Generating RTLIL representation for module `\_90_fa'.
Generating RTLIL representation for module `\_90_lcu_brent_kung'.
Generating RTLIL representation for module `\_90_alu'.
Generating RTLIL representation for module `\_90_macc'.
Generating RTLIL representation for module `\_90_alumacc'.
Generating RTLIL representation for module `$__div_mod_u'.
Generating RTLIL representation for module `$__div_mod_trunc'.
Generating RTLIL representation for module `\_90_div'.
Generating RTLIL representation for module `\_90_mod'.
Generating RTLIL representation for module `$__div_mod_floor'.
Generating RTLIL representation for module `\_90_divfloor'.
Generating RTLIL representation for module `\_90_modfloor'.
Generating RTLIL representation for module `\_90_pow'.
Generating RTLIL representation for module `\_90_demux'.
Generating RTLIL representation for module `\_90_lut'.
Generating RTLIL representation for module `$connect'.
Generating RTLIL representation for module `$input_port'.
Successfully finished Verilog frontend.

4.20.2. Continuing TECHMAP pass.
Using extmapper simplemap for cells of type $mux.
Using extmapper simplemap for cells of type $sdff.
Using extmapper simplemap for cells of type $and.
Using extmapper simplemap for cells of type $or.
Using extmapper simplemap for cells of type $pmux.
Using extmapper simplemap for cells of type $logic_not.
Using extmapper simplemap for cells of type $eq.
No more expansions possible.
<suppressed ~110 debug messages>

4.21. Executing OPT pass (performing simple optimizations).

4.21.1. Executing OPT_EXPR pass (perform const folding).
Optimizing module control_unit.
<suppressed ~15 debug messages>
Optimizing module instruction_decoder.
<suppressed ~2 debug messages>

4.21.2. Executing OPT_MERGE pass (detect identical cells).
Finding identical cells in module `\control_unit'.
Computing hashes of 40 cells of `\control_unit'.
Finding duplicate cells in `\control_unit'.
Finding identical cells in module `\instruction_decoder'.
Computing hashes of 44 cells of `\instruction_decoder'.
Finding duplicate cells in `\instruction_decoder'.
Computing hashes of 36 cells of `\instruction_decoder'.
Finding duplicate cells in `\instruction_decoder'.
Computing hashes of 32 cells of `\instruction_decoder'.
Finding duplicate cells in `\instruction_decoder'.
<suppressed ~36 debug messages>
Removed a total of 12 cells.

4.21.3. Executing OPT_DFF pass (perform DFF optimizations).
Adding SRST signal on $auto$ff.cc:337:slice$280 ($_SDFF_PP0_) from module control_unit (D = $auto$simplemap.cc:189:logic_reduce$317, Q = \state_reg [1], rval = 1'0).
Adding SRST signal on $auto$ff.cc:337:slice$279 ($_SDFF_PP0_) from module control_unit (D = $auto$simplemap.cc:189:logic_reduce$306, Q = \state_reg [0], rval = 1'0).

4.21.4. Executing OPT_CLEAN pass (remove unused cells and wires).
Finding unused cells or wires in module \control_unit..
Finding unused cells or wires in module \instruction_decoder..
Removed 2 unused cells and 18 unused wires.
<suppressed ~5 debug messages>

4.21.5. Rerunning OPT passes. (Removed registers in this run.)

4.21.6. Executing OPT_EXPR pass (perform const folding).
Optimizing module control_unit.
Optimizing module instruction_decoder.
<suppressed ~1 debug messages>

4.21.7. Executing OPT_MERGE pass (detect identical cells).
Finding identical cells in module `\control_unit'.
Computing hashes of 42 cells of `\control_unit'.
Finding duplicate cells in `\control_unit'.
Computing hashes of 41 cells of `\control_unit'.
Finding duplicate cells in `\control_unit'.
Computing hashes of 40 cells of `\control_unit'.
Finding duplicate cells in `\control_unit'.
<suppressed ~6 debug messages>
Finding identical cells in module `\instruction_decoder'.
Computing hashes of 31 cells of `\instruction_decoder'.
Finding duplicate cells in `\instruction_decoder'.
Removed a total of 2 cells.

4.21.8. Executing OPT_DFF pass (perform DFF optimizations).

4.21.9. Executing OPT_CLEAN pass (remove unused cells and wires).
Finding unused cells or wires in module \control_unit..
Finding unused cells or wires in module \instruction_decoder..
Removed 0 unused cells and 2 unused wires.
<suppressed ~1 debug messages>

4.21.10. Finished fast OPT passes.

4.22. Executing ABC pass (technology mapping using ABC).

4.22.1. Extracting gate netlist of module `\control_unit' to `<abc-temp-dir>/input.blif'..

4.22.1.1. Executed ABC.
Extracted 37 gates and 54 wires to a netlist network with 16 inputs and 15 outputs.
Running ABC script: <abc-temp-dir>/abc.script
ABC: UC Berkeley, ABC 1.01 (compiled Aug  8 2026 02:32:38)
ABC: abc 01> empty
ABC: abc 01> source <abc-temp-dir>/abc.script
ABC: + read_blif <abc-temp-dir>/input.blif 
ABC: + read_library <abc-temp-dir>/stdcells.genlib 
ABC: + strash 
ABC: + &get -n 
ABC: + &fraig -x 
ABC: + &put 
ABC: + scorr 
ABC: Warning: The network is combinational (run "fraig" or "fraig_sweep").
ABC: + dc2 
ABC: + dretime 
ABC: + strash 
ABC: + &get -n 
ABC: + &dch -f 
ABC: + &nf 
ABC: + &put 
ABC: + write_blif <abc-temp-dir>/output.blif 
ABC: 
ABC: YOSYS_ABC_DONE 

4.22.1.2. Re-integrating ABC results.
ABC RESULTS:               AND cells:       13
ABC RESULTS:            ANDNOT cells:        4
ABC RESULTS:               NOR cells:        1
ABC RESULTS:                OR cells:        3
ABC RESULTS:        internal signals:       23
ABC RESULTS:           input signals:       16
ABC RESULTS:          output signals:       15
Removing temp directory.

4.22.2. Extracting gate netlist of module `\instruction_decoder' to `<abc-temp-dir>/input.blif'..

4.22.2.1. Executed ABC.
Extracted 31 gates and 37 wires to a netlist network with 4 inputs and 12 outputs.
Running ABC script: <abc-temp-dir>/abc.script
ABC: UC Berkeley, ABC 1.01 (compiled Aug  8 2026 02:32:38)
ABC: abc 01> empty
ABC: abc 01> source <abc-temp-dir>/abc.script
ABC: + read_blif <abc-temp-dir>/input.blif 
ABC: + read_library <abc-temp-dir>/stdcells.genlib 
ABC: + strash 
ABC: + &get -n 
ABC: + &fraig -x 
ABC: + &put 
ABC: + scorr 
ABC: Warning: The network is combinational (run "fraig" or "fraig_sweep").
ABC: + dc2 
ABC: + dretime 
ABC: + strash 
ABC: + &get -n 
ABC: + &dch -f 
ABC: + &nf 
ABC: + &put 
ABC: + write_blif <abc-temp-dir>/output.blif 
ABC: 
ABC: YOSYS_ABC_DONE 

4.22.2.2. Re-integrating ABC results.
ABC RESULTS:               AND cells:       10
ABC RESULTS:            ANDNOT cells:        7
ABC RESULTS:              NAND cells:        9
ABC RESULTS:               NOR cells:        2
ABC RESULTS:                OR cells:        2
ABC RESULTS:             ORNOT cells:        3
ABC RESULTS:        internal signals:       21
ABC RESULTS:           input signals:        4
ABC RESULTS:          output signals:       12
Removing temp directory.
Removing global temp directory.

4.23. Executing OPT pass (performing simple optimizations).

4.23.1. Executing OPT_EXPR pass (perform const folding).
Optimizing module control_unit.
Optimizing module instruction_decoder.

4.23.2. Executing OPT_MERGE pass (detect identical cells).
Finding identical cells in module `\control_unit'.
Computing hashes of 24 cells of `\control_unit'.
Finding duplicate cells in `\control_unit'.
Finding identical cells in module `\instruction_decoder'.
Computing hashes of 33 cells of `\instruction_decoder'.
Finding duplicate cells in `\instruction_decoder'.
Removed a total of 0 cells.

4.23.3. Executing OPT_DFF pass (perform DFF optimizations).

4.23.4. Executing OPT_CLEAN pass (remove unused cells and wires).
Finding unused cells or wires in module \control_unit..
Finding unused cells or wires in module \instruction_decoder..
Removed 0 unused cells and 72 unused wires.
<suppressed ~2 debug messages>

4.23.5. Finished fast OPT passes.

4.24. Executing HIERARCHY pass (managing design hierarchy).
Attribute `top' found on module `control_unit'. Setting top module to control_unit.

4.24.1. Analyzing design hierarchy..
Top module:  \control_unit
Used module:     \instruction_decoder

4.24.2. Analyzing design hierarchy..
Top module:  \control_unit
Used module:     \instruction_decoder
Removed 0 unused modules.

4.25. Printing statistics.

=== control_unit ===

        +----------Local Count, excluding submodules.
        | 
       37 wires
       46 wire bits
       28 public wires
       37 public wire bits
       16 ports
       22 port bits
       23 cells
        4   $_ANDNOT_
       13   $_AND_
        1   $_NOR_
        3   $_OR_
        2   $_SDFF_PP0_
        1 submodules
        1   instruction_decoder

=== instruction_decoder ===

        +----------Local Count, excluding submodules.
        | 
       33 wires
       38 wire bits
       12 public wires
       17 public wire bits
       12 ports
       17 port bits
       33 cells
        7   $_ANDNOT_
       10   $_AND_
        9   $_NAND_
        2   $_NOR_
        3   $_ORNOT_
        2   $_OR_

=== design hierarchy ===

        +----------Count including submodules.
        | 
       56 control_unit
       33 instruction_decoder

        +----------Count including submodules.
        | 
       70 wires
       84 wire bits
       40 public wires
       54 public wire bits
       28 ports
       39 port bits
        - memories
        - memory bits
        - processes
       56 cells
       11   $_ANDNOT_
       23   $_AND_
        9   $_NAND_
        3   $_NOR_
        3   $_ORNOT_
        5   $_OR_
        2   $_SDFF_PP0_
        1 submodules
        1   instruction_decoder

4.26. Executing CHECK pass (checking for obvious problems).
Checking module control_unit...
Checking module instruction_decoder...
Found and reported 0 problems.

5. Executing CHECK pass (checking for obvious problems).
Checking module control_unit...
Checking module instruction_decoder...
Found and reported 0 problems.

6. Printing statistics.

=== control_unit ===

        +----------Local Count, excluding submodules.
        | 
       37 wires
       46 wire bits
       28 public wires
       37 public wire bits
       16 ports
       22 port bits
       23 cells
        4   $_ANDNOT_
       13   $_AND_
        1   $_NOR_
        3   $_OR_
        2   $_SDFF_PP0_
        1 submodules
        1   instruction_decoder

=== instruction_decoder ===

        +----------Local Count, excluding submodules.
        | 
       33 wires
       38 wire bits
       12 public wires
       17 public wire bits
       12 ports
       17 port bits
       33 cells
        7   $_ANDNOT_
       10   $_AND_
        9   $_NAND_
        2   $_NOR_
        3   $_ORNOT_
        2   $_OR_

=== design hierarchy ===

        +----------Count including submodules.
        | 
       56 control_unit
       33 instruction_decoder

        +----------Count including submodules.
        | 
       70 wires
       84 wire bits
       40 public wires
       54 public wire bits
       28 ports
       39 port bits
        - memories
        - memory bits
        - processes
       56 cells
       11   $_ANDNOT_
       23   $_AND_
        9   $_NAND_
        3   $_NOR_
        3   $_ORNOT_
        5   $_OR_
        2   $_SDFF_PP0_
        1 submodules
        1   instruction_decoder

7. Executing Verilog backend.

7.1. Executing BMUXMAP pass.

7.2. Executing DEMUXMAP pass.
Dumping module `\control_unit'.
Dumping module `\instruction_decoder'.

8. Executing JSON backend.

End of script. Logfile hash: 17a41b0330, time: 0.27s, user: 0.04s, system: 0.02s, MEM: 21.48 MB peak
Yosys 0.68+40 (git sha1 0f2bcb94b-dirty, Release, Clang /usr/bin/clang++ 21.1.8)
Time spent: 59% 1x abc (0 sec), 11% 4x read_verilog (0 sec), ...
