
 /----------------------------------------------------------------------------\
 |  yosys -- Yosys Open SYnthesis Suite                                       |
 |  Copyright (C) 2012 - 2026  Claire Xenia Wolf <claire@yosyshq.com>         |
 |  Distributed under an ISC-like license, type "license" to see terms        |
 \----------------------------------------------------------------------------/
 Yosys 0.68+40 (git sha1 0f2bcb94b-dirty, Release, Clang /usr/bin/clang++ 21.1.8)

-- Running command `read_verilog rtl/data_ram.v; hierarchy -check -top data_ram; synth -top data_ram; check; stat; write_verilog build/data_ram_synth.v; write_json build/data_ram.json' --

1. Executing Verilog-2005 frontend: rtl/data_ram.v
Parsing Verilog input from `rtl/data_ram.v' to AST representation.
Generating RTLIL representation for module `\data_ram'.
Successfully finished Verilog frontend.

2. Executing HIERARCHY pass (managing design hierarchy).

2.1. Analyzing design hierarchy..
Top module:  \data_ram

2.2. Analyzing design hierarchy..
Top module:  \data_ram
Removed 0 unused modules.

3. Executing SYNTH pass.

3.1. Executing HIERARCHY pass (managing design hierarchy).

3.1.1. Analyzing design hierarchy..
Top module:  \data_ram

3.1.2. Analyzing design hierarchy..
Top module:  \data_ram
Removed 0 unused modules.

3.2. Executing PROC pass (convert processes to netlists).

3.2.1. Executing PROC_CLEAN pass (remove empty switches from decision trees).
Cleaned up 0 empty switches.

3.2.2. Executing PROC_RMDEAD pass (remove dead branches from decision trees).
Marked 1 switch rules as full_case in process $proc$rtl/data_ram.v:16$3 in module data_ram.
Removed a total of 0 dead cases.

3.2.3. Executing PROC_PRUNE pass (remove redundant assignments in processes).
Removed 0 redundant assignments.
Promoted 3 assignments to connections.

3.2.4. Executing PROC_INIT pass (extract init attributes).

3.2.5. Executing PROC_ARST pass (detect async resets in processes).

3.2.6. Executing PROC_ROM pass (convert switches to ROMs).
Converted 0 switches.
<suppressed ~1 debug messages>

3.2.7. Executing PROC_MUX pass (convert decision trees to multiplexers).
Creating decoders for process `\data_ram.$proc$rtl/data_ram.v:16$3'.
     1/3: $1$memwr$\memory$rtl/data_ram.v:18$1_EN[7:0]$9
     2/3: $1$memwr$\memory$rtl/data_ram.v:18$1_DATA[7:0]$8
     3/3: $1$memwr$\memory$rtl/data_ram.v:18$1_ADDR[3:0]$7

3.2.8. Executing PROC_DLATCH pass (convert process syncs to latches).

3.2.9. Executing PROC_DFF pass (convert process syncs to FFs).
Creating register for signal `\data_ram.$memwr$\memory$rtl/data_ram.v:18$1_ADDR' using process `\data_ram.$proc$rtl/data_ram.v:16$3'.
  created $dff cell `$procdff$19' with positive edge clock.
Creating register for signal `\data_ram.$memwr$\memory$rtl/data_ram.v:18$1_DATA' using process `\data_ram.$proc$rtl/data_ram.v:16$3'.
  created $dff cell `$procdff$20' with positive edge clock.
Creating register for signal `\data_ram.$memwr$\memory$rtl/data_ram.v:18$1_EN' using process `\data_ram.$proc$rtl/data_ram.v:16$3'.
  created $dff cell `$procdff$21' with positive edge clock.

3.2.10. Executing PROC_MEMWR pass (convert process memory writes to cells).

3.2.11. Executing PROC_CLEAN pass (remove empty switches from decision trees).
Found and cleaned up 1 empty switch in `\data_ram.$proc$rtl/data_ram.v:16$3'.
Removing empty process `data_ram.$proc$rtl/data_ram.v:16$3'.
Cleaned up 1 empty switch.

3.2.12. Executing OPT_EXPR pass (perform const folding).
Optimizing module data_ram.

3.3. Executing OPT_EXPR pass (perform const folding).
Optimizing module data_ram.

3.4. Executing OPT_CLEAN pass (remove unused cells and wires).
Finding unused cells or wires in module \data_ram..
Removed 3 unused cells and 13 unused wires.
<suppressed ~4 debug messages>

3.5. Executing CHECK pass (checking for obvious problems).
Checking module data_ram...
Found and reported 0 problems.

3.6. Executing OPT pass (performing simple optimizations).

3.6.1. Executing OPT_EXPR pass (perform const folding).
Optimizing module data_ram.

3.6.2. Executing OPT_MERGE pass (detect identical cells).
Finding identical cells in module `\data_ram'.
Computing hashes of 5 cells of `\data_ram'.
Finding duplicate cells in `\data_ram'.
Removed a total of 0 cells.

3.6.3. Executing OPT_MUXTREE pass (detect dead branches in mux trees).
Running muxtree optimizer on module \data_ram..
  Creating internal representation of mux trees.
  Evaluating internal representation of mux trees.
  Analyzing evaluation results.
Removed 0 multiplexer ports.
<suppressed ~6 debug messages>

3.6.4. Executing OPT_REDUCE pass (consolidate $*mux and $reduce_* inputs).
  Optimizing cells in module \data_ram.
    Consolidated identical input bits for $mux cell $procmux$11:
      Old ports: A=8'00000000, B=8'11111111, Y=$0$memwr$\memory$rtl/data_ram.v:18$1_EN[7:0]$6
      New ports: A=1'0, B=1'1, Y=$0$memwr$\memory$rtl/data_ram.v:18$1_EN[7:0]$6 [0]
      New connections: $0$memwr$\memory$rtl/data_ram.v:18$1_EN[7:0]$6 [7:1] = { $0$memwr$\memory$rtl/data_ram.v:18$1_EN[7:0]$6 [0] $0$memwr$\memory$rtl/data_ram.v:18$1_EN[7:0]$6 [0] $0$memwr$\memory$rtl/data_ram.v:18$1_EN[7:0]$6 [0] $0$memwr$\memory$rtl/data_ram.v:18$1_EN[7:0]$6 [0] $0$memwr$\memory$rtl/data_ram.v:18$1_EN[7:0]$6 [0] $0$memwr$\memory$rtl/data_ram.v:18$1_EN[7:0]$6 [0] $0$memwr$\memory$rtl/data_ram.v:18$1_EN[7:0]$6 [0] }
  Optimizing cells in module \data_ram.
Performed a total of 1 changes.

3.6.5. Executing OPT_MERGE pass (detect identical cells).
Finding identical cells in module `\data_ram'.
Computing hashes of 5 cells of `\data_ram'.
Finding duplicate cells in `\data_ram'.
Removed a total of 0 cells.

3.6.6. Executing OPT_DFF pass (perform DFF optimizations).

3.6.7. Executing OPT_CLEAN pass (remove unused cells and wires).
Finding unused cells or wires in module \data_ram..

3.6.8. Executing OPT_EXPR pass (perform const folding).
Optimizing module data_ram.

3.6.9. Rerunning OPT passes. (Maybe there is more to do..)

3.6.10. Executing OPT_MUXTREE pass (detect dead branches in mux trees).
Running muxtree optimizer on module \data_ram..
  Creating internal representation of mux trees.
  Evaluating internal representation of mux trees.
  Analyzing evaluation results.
Removed 0 multiplexer ports.
<suppressed ~6 debug messages>

3.6.11. Executing OPT_REDUCE pass (consolidate $*mux and $reduce_* inputs).
  Optimizing cells in module \data_ram.
Performed a total of 0 changes.

3.6.12. Executing OPT_MERGE pass (detect identical cells).
Finding identical cells in module `\data_ram'.
Computing hashes of 5 cells of `\data_ram'.
Finding duplicate cells in `\data_ram'.
Removed a total of 0 cells.

3.6.13. Executing OPT_DFF pass (perform DFF optimizations).

3.6.14. Executing OPT_CLEAN pass (remove unused cells and wires).
Finding unused cells or wires in module \data_ram..

3.6.15. Executing OPT_EXPR pass (perform const folding).
Optimizing module data_ram.

3.6.16. Finished fast OPT passes. (There is nothing left to do.)

3.7. Executing FSM pass (extract and optimize FSM).

3.7.1. Executing FSM_DETECT pass (finding FSMs in design).

3.7.2. Executing FSM_EXTRACT pass (extracting FSM from design).

3.7.3. Executing FSM_OPT pass (simple optimizations of FSMs).

3.7.4. Executing OPT_CLEAN pass (remove unused cells and wires).
Finding unused cells or wires in module \data_ram..

3.7.5. Executing FSM_OPT pass (simple optimizations of FSMs).

3.7.6. Executing FSM_RECODE pass (re-assigning FSM state encoding).

3.7.7. Executing FSM_INFO pass (dumping all available information on FSM cells).

3.7.8. Executing FSM_MAP pass (mapping FSMs to basic logic).

3.8. Executing OPT pass (performing simple optimizations).

3.8.1. Executing OPT_EXPR pass (perform const folding).
Optimizing module data_ram.

3.8.2. Executing OPT_MERGE pass (detect identical cells).
Finding identical cells in module `\data_ram'.
Computing hashes of 5 cells of `\data_ram'.
Finding duplicate cells in `\data_ram'.
Removed a total of 0 cells.

3.8.3. Executing OPT_MUXTREE pass (detect dead branches in mux trees).
Running muxtree optimizer on module \data_ram..
  Creating internal representation of mux trees.
  Evaluating internal representation of mux trees.
  Analyzing evaluation results.
Removed 0 multiplexer ports.
<suppressed ~6 debug messages>

3.8.4. Executing OPT_REDUCE pass (consolidate $*mux and $reduce_* inputs).
  Optimizing cells in module \data_ram.
Performed a total of 0 changes.

3.8.5. Executing OPT_MERGE pass (detect identical cells).
Finding identical cells in module `\data_ram'.
Computing hashes of 5 cells of `\data_ram'.
Finding duplicate cells in `\data_ram'.
Removed a total of 0 cells.

3.8.6. Executing OPT_DFF pass (perform DFF optimizations).

3.8.7. Executing OPT_CLEAN pass (remove unused cells and wires).
Finding unused cells or wires in module \data_ram..

3.8.8. Executing OPT_EXPR pass (perform const folding).
Optimizing module data_ram.

3.8.9. Finished fast OPT passes. (There is nothing left to do.)

3.9. Executing WREDUCE pass (reducing word size of cells).

3.10. Executing PEEPOPT pass (run peephole optimizers).

3.11. Executing OPT_CLEAN pass (remove unused cells and wires).
Finding unused cells or wires in module \data_ram..

3.12. Executing ALUMACC pass (create $alu and $macc cells).
Extracting $alu and $macc cells in module data_ram:
  created 0 $alu and 0 $macc cells.

3.13. Executing SHARE pass (SAT-based resource sharing).

3.14. Executing OPT pass (performing simple optimizations).

3.14.1. Executing OPT_EXPR pass (perform const folding).
Optimizing module data_ram.

3.14.2. Executing OPT_MERGE pass (detect identical cells).
Finding identical cells in module `\data_ram'.
Computing hashes of 5 cells of `\data_ram'.
Finding duplicate cells in `\data_ram'.
Removed a total of 0 cells.

3.14.3. Executing OPT_MUXTREE pass (detect dead branches in mux trees).
Running muxtree optimizer on module \data_ram..
  Creating internal representation of mux trees.
  Evaluating internal representation of mux trees.
  Analyzing evaluation results.
Removed 0 multiplexer ports.
<suppressed ~6 debug messages>

3.14.4. Executing OPT_REDUCE pass (consolidate $*mux and $reduce_* inputs).
  Optimizing cells in module \data_ram.
Performed a total of 0 changes.

3.14.5. Executing OPT_MERGE pass (detect identical cells).
Finding identical cells in module `\data_ram'.
Computing hashes of 5 cells of `\data_ram'.
Finding duplicate cells in `\data_ram'.
Removed a total of 0 cells.

3.14.6. Executing OPT_DFF pass (perform DFF optimizations).

3.14.7. Executing OPT_CLEAN pass (remove unused cells and wires).
Finding unused cells or wires in module \data_ram..

3.14.8. Executing OPT_EXPR pass (perform const folding).
Optimizing module data_ram.

3.14.9. Finished fast OPT passes. (There is nothing left to do.)

3.15. Executing MEMORY pass.

3.15.1. Executing OPT_MEM pass (optimize memories).
Performed a total of 0 transformations.

3.15.2. Executing OPT_MEM_PRIORITY pass (removing unnecessary memory write priority relations).
Performed a total of 0 transformations.

3.15.3. Executing OPT_MEM_FEEDBACK pass (finding memory read-to-write feedback paths).
  Analyzing data_ram.memory write port 0.

3.15.4. Executing MEMORY_BMUX2ROM pass (converting muxes to ROMs).

3.15.5. Executing MEMORY_DFF pass (merging $dff cells to $memrd).
Checking read port `\memory'[0] in module `\data_ram': no output FF found.
Checking read port address `\memory'[0] in module `\data_ram': no address FF found.

3.15.6. Executing OPT_CLEAN pass (remove unused cells and wires).
Finding unused cells or wires in module \data_ram..

3.15.7. Executing MEMORY_SHARE pass (consolidating $memrd/$memwr cells).

3.15.8. Executing OPT_MEM_WIDEN pass (optimize memories where all ports are wide).
Performed a total of 0 transformations.

3.15.9. Executing OPT_CLEAN pass (remove unused cells and wires).
Finding unused cells or wires in module \data_ram..

3.15.10. Executing MEMORY_COLLECT pass (generating $mem cells).

3.16. Executing OPT_CLEAN pass (remove unused cells and wires).
Finding unused cells or wires in module \data_ram..

3.17. Executing OPT pass (performing simple optimizations).

3.17.1. Executing OPT_EXPR pass (perform const folding).
Optimizing module data_ram.
<suppressed ~3 debug messages>

3.17.2. Executing OPT_MERGE pass (detect identical cells).
Finding identical cells in module `\data_ram'.
Computing hashes of 1 cells of `\data_ram'.
Finding duplicate cells in `\data_ram'.
Removed a total of 0 cells.

3.17.3. Executing OPT_DFF pass (perform DFF optimizations).

3.17.4. Executing OPT_CLEAN pass (remove unused cells and wires).
Finding unused cells or wires in module \data_ram..
Removed 0 unused cells and 3 unused wires.
<suppressed ~1 debug messages>

3.17.5. Finished fast OPT passes.

3.18. Executing MEMORY_MAP pass (converting memories to logic and flip-flops).
Mapping memory \memory in module \data_ram:
  created 16 $dff cells and 0 static cells of width 8.
  read interface: 0 $dff and 15 $mux cells.
  write interface: 16 write mux blocks.

3.19. Executing OPT pass (performing simple optimizations).

3.19.1. Executing OPT_EXPR pass (perform const folding).
Optimizing module data_ram.
<suppressed ~8 debug messages>

3.19.2. Executing OPT_MERGE pass (detect identical cells).
Finding identical cells in module `\data_ram'.
Computing hashes of 91 cells of `\data_ram'.
Finding duplicate cells in `\data_ram'.
Removed a total of 0 cells.

3.19.3. Executing OPT_MUXTREE pass (detect dead branches in mux trees).
Running muxtree optimizer on module \data_ram..
  Creating internal representation of mux trees.
  Evaluating internal representation of mux trees.
  Analyzing evaluation results.
Removed 0 multiplexer ports.
<suppressed ~48 debug messages>

3.19.4. Executing OPT_REDUCE pass (consolidate $*mux and $reduce_* inputs).
  Optimizing cells in module \data_ram.
Performed a total of 0 changes.

3.19.5. Executing OPT_MERGE pass (detect identical cells).
Finding identical cells in module `\data_ram'.
Computing hashes of 91 cells of `\data_ram'.
Finding duplicate cells in `\data_ram'.
Removed a total of 0 cells.

3.19.6. Executing OPT_SHARE pass.

3.19.7. Executing OPT_DFF pass (perform DFF optimizations).

3.19.8. Executing OPT_CLEAN pass (remove unused cells and wires).
Finding unused cells or wires in module \data_ram..
Removed 0 unused cells and 36 unused wires.
<suppressed ~1 debug messages>

3.19.9. Executing OPT_EXPR pass (perform const folding).
Optimizing module data_ram.

3.19.10. Rerunning OPT passes. (Maybe there is more to do..)

3.19.11. Executing OPT_MUXTREE pass (detect dead branches in mux trees).
Running muxtree optimizer on module \data_ram..
  Creating internal representation of mux trees.
  Evaluating internal representation of mux trees.
  Analyzing evaluation results.
Removed 0 multiplexer ports.
<suppressed ~48 debug messages>

3.19.12. Executing OPT_REDUCE pass (consolidate $*mux and $reduce_* inputs).
  Optimizing cells in module \data_ram.
Performed a total of 0 changes.

3.19.13. Executing OPT_MERGE pass (detect identical cells).
Finding identical cells in module `\data_ram'.
Computing hashes of 91 cells of `\data_ram'.
Finding duplicate cells in `\data_ram'.
Removed a total of 0 cells.

3.19.14. Executing OPT_SHARE pass.

3.19.15. Executing OPT_DFF pass (perform DFF optimizations).
Adding EN signal on $memory\memory[0]$25 ($dff) from module data_ram (D = \wdata, Q = \memory[0]).
Adding EN signal on $memory\memory[1]$27 ($dff) from module data_ram (D = \wdata, Q = \memory[1]).
Adding EN signal on $memory\memory[2]$29 ($dff) from module data_ram (D = \wdata, Q = \memory[2]).
Adding EN signal on $memory\memory[3]$31 ($dff) from module data_ram (D = \wdata, Q = \memory[3]).
Adding EN signal on $memory\memory[4]$33 ($dff) from module data_ram (D = \wdata, Q = \memory[4]).
Adding EN signal on $memory\memory[5]$35 ($dff) from module data_ram (D = \wdata, Q = \memory[5]).
Adding EN signal on $memory\memory[6]$37 ($dff) from module data_ram (D = \wdata, Q = \memory[6]).
Adding EN signal on $memory\memory[7]$39 ($dff) from module data_ram (D = \wdata, Q = \memory[7]).
Adding EN signal on $memory\memory[8]$41 ($dff) from module data_ram (D = \wdata, Q = \memory[8]).
Adding EN signal on $memory\memory[9]$43 ($dff) from module data_ram (D = \wdata, Q = \memory[9]).
Adding EN signal on $memory\memory[10]$45 ($dff) from module data_ram (D = \wdata, Q = \memory[10]).
Adding EN signal on $memory\memory[11]$47 ($dff) from module data_ram (D = \wdata, Q = \memory[11]).
Adding EN signal on $memory\memory[12]$49 ($dff) from module data_ram (D = \wdata, Q = \memory[12]).
Adding EN signal on $memory\memory[13]$51 ($dff) from module data_ram (D = \wdata, Q = \memory[13]).
Adding EN signal on $memory\memory[14]$53 ($dff) from module data_ram (D = \wdata, Q = \memory[14]).
Adding EN signal on $memory\memory[15]$55 ($dff) from module data_ram (D = \wdata, Q = \memory[15]).

3.19.16. Executing OPT_CLEAN pass (remove unused cells and wires).
Finding unused cells or wires in module \data_ram..
Removed 16 unused cells and 16 unused wires.
<suppressed ~17 debug messages>

3.19.17. Executing OPT_EXPR pass (perform const folding).
Optimizing module data_ram.

3.19.18. Rerunning OPT passes. (Maybe there is more to do..)

3.19.19. Executing OPT_MUXTREE pass (detect dead branches in mux trees).
Running muxtree optimizer on module \data_ram..
  Creating internal representation of mux trees.
  Evaluating internal representation of mux trees.
  Analyzing evaluation results.
Removed 0 multiplexer ports.
<suppressed ~16 debug messages>

3.19.20. Executing OPT_REDUCE pass (consolidate $*mux and $reduce_* inputs).
  Optimizing cells in module \data_ram.
Performed a total of 0 changes.

3.19.21. Executing OPT_MERGE pass (detect identical cells).
Finding identical cells in module `\data_ram'.
Computing hashes of 75 cells of `\data_ram'.
Finding duplicate cells in `\data_ram'.
Removed a total of 0 cells.

3.19.22. Executing OPT_SHARE pass.

3.19.23. Executing OPT_DFF pass (perform DFF optimizations).

3.19.24. Executing OPT_CLEAN pass (remove unused cells and wires).
Finding unused cells or wires in module \data_ram..

3.19.25. Executing OPT_EXPR pass (perform const folding).
Optimizing module data_ram.

3.19.26. Finished fast OPT passes. (There is nothing left to do.)

3.20. Executing TECHMAP pass (map to technology primitives).

3.20.1. Executing Verilog-2005 frontend: /opt/oss-cad-suite/lib/../share/yosys/techmap.v
Parsing Verilog input from `/opt/oss-cad-suite/lib/../share/yosys/techmap.v' to AST representation.
Generating RTLIL representation for module `\_90_simplemap_bool_ops'.
Generating RTLIL representation for module `\_90_simplemap_reduce_ops'.
Generating RTLIL representation for module `\_90_simplemap_logic_ops'.
Generating RTLIL representation for module `\_90_simplemap_compare_ops'.
Generating RTLIL representation for module `\_90_simplemap_various'.
Generating RTLIL representation for module `\_90_simplemap_registers'.
Generating RTLIL representation for module `\_90_shift_ops_shr_shl_sshl_sshr'.
Generating RTLIL representation for module `\_90_shift_shiftx'.
Generating RTLIL representation for module `\_90_fa'.
Generating RTLIL representation for module `\_90_lcu_brent_kung'.
Generating RTLIL representation for module `\_90_alu'.
Generating RTLIL representation for module `\_90_macc'.
Generating RTLIL representation for module `\_90_alumacc'.
Generating RTLIL representation for module `$__div_mod_u'.
Generating RTLIL representation for module `$__div_mod_trunc'.
Generating RTLIL representation for module `\_90_div'.
Generating RTLIL representation for module `\_90_mod'.
Generating RTLIL representation for module `$__div_mod_floor'.
Generating RTLIL representation for module `\_90_divfloor'.
Generating RTLIL representation for module `\_90_modfloor'.
Generating RTLIL representation for module `\_90_pow'.
Generating RTLIL representation for module `\_90_demux'.
Generating RTLIL representation for module `\_90_lut'.
Generating RTLIL representation for module `$connect'.
Generating RTLIL representation for module `$input_port'.
Successfully finished Verilog frontend.

3.20.2. Continuing TECHMAP pass.
Using extmapper simplemap for cells of type $dffe.
Using extmapper simplemap for cells of type $and.
Using extmapper simplemap for cells of type $not.
Using extmapper simplemap for cells of type $mux.
No more expansions possible.
<suppressed ~152 debug messages>

3.21. Executing OPT pass (performing simple optimizations).

3.21.1. Executing OPT_EXPR pass (perform const folding).
Optimizing module data_ram.

3.21.2. Executing OPT_MERGE pass (detect identical cells).
Finding identical cells in module `\data_ram'.
Computing hashes of 292 cells of `\data_ram'.
Finding duplicate cells in `\data_ram'.
Removed a total of 0 cells.

3.21.3. Executing OPT_DFF pass (perform DFF optimizations).

3.21.4. Executing OPT_CLEAN pass (remove unused cells and wires).
Finding unused cells or wires in module \data_ram..

3.21.5. Finished fast OPT passes.

3.22. Executing ABC pass (technology mapping using ABC).

3.22.1. Extracting gate netlist of module `\data_ram' to `<abc-temp-dir>/input.blif'..

3.22.1.1. Executed ABC.
Extracted 164 gates and 297 wires to a netlist network with 133 inputs and 24 outputs.
Running ABC script: <abc-temp-dir>/abc.script
ABC: UC Berkeley, ABC 1.01 (compiled Aug  8 2026 02:32:38)
ABC: abc 01> empty
ABC: abc 01> source <abc-temp-dir>/abc.script
ABC: + read_blif <abc-temp-dir>/input.blif 
ABC: + read_library <abc-temp-dir>/stdcells.genlib 
ABC: + strash 
ABC: + &get -n 
ABC: + &fraig -x 
ABC: + &put 
ABC: + scorr 
ABC: Warning: The network is combinational (run "fraig" or "fraig_sweep").
ABC: + dc2 
ABC: + dretime 
ABC: + strash 
ABC: + &get -n 
ABC: + &dch -f 
ABC: + &nf 
ABC: + &put 
ABC: + write_blif <abc-temp-dir>/output.blif 
ABC: 
ABC: YOSYS_ABC_DONE 

3.22.1.2. Re-integrating ABC results.
ABC RESULTS:               AND cells:      102
ABC RESULTS:            ANDNOT cells:        4
ABC RESULTS:              NAND cells:      200
ABC RESULTS:               NOR cells:        2
ABC RESULTS:        internal signals:      140
ABC RESULTS:           input signals:      133
ABC RESULTS:          output signals:       24
Removing temp directory.
Removing global temp directory.

3.23. Executing OPT pass (performing simple optimizations).

3.23.1. Executing OPT_EXPR pass (perform const folding).
Optimizing module data_ram.

3.23.2. Executing OPT_MERGE pass (detect identical cells).
Finding identical cells in module `\data_ram'.
Computing hashes of 436 cells of `\data_ram'.
Finding duplicate cells in `\data_ram'.
Removed a total of 0 cells.

3.23.3. Executing OPT_DFF pass (perform DFF optimizations).

3.23.4. Executing OPT_CLEAN pass (remove unused cells and wires).
Finding unused cells or wires in module \data_ram..
Removed 0 unused cells and 199 unused wires.
<suppressed ~1 debug messages>

3.23.5. Finished fast OPT passes.

3.24. Executing HIERARCHY pass (managing design hierarchy).
Attribute `top' found on module `data_ram'. Setting top module to data_ram.

3.24.1. Analyzing design hierarchy..
Top module:  \data_ram

3.24.2. Analyzing design hierarchy..
Top module:  \data_ram
Removed 0 unused modules.

3.25. Printing statistics.

=== data_ram ===

        +----------Local Count, excluding submodules.
        | 
      321 wires
      450 wire bits
       21 public wires
      150 public wire bits
        5 ports
       22 port bits
      436 cells
        4   $_ANDNOT_
      102   $_AND_
      128   $_DFFE_PP_
      200   $_NAND_
        2   $_NOR_

3.26. Executing CHECK pass (checking for obvious problems).
Checking module data_ram...
Found and reported 0 problems.

4. Executing CHECK pass (checking for obvious problems).
Checking module data_ram...
Found and reported 0 problems.

5. Printing statistics.

=== data_ram ===

        +----------Local Count, excluding submodules.
        | 
      321 wires
      450 wire bits
       21 public wires
      150 public wire bits
        5 ports
       22 port bits
      436 cells
        4   $_ANDNOT_
      102   $_AND_
      128   $_DFFE_PP_
      200   $_NAND_
        2   $_NOR_

6. Executing Verilog backend.

6.1. Executing BMUXMAP pass.

6.2. Executing DEMUXMAP pass.
Dumping module `\data_ram'.

7. Executing JSON backend.

End of script. Logfile hash: 83293c2141, time: 0.22s, user: 0.04s, system: 0.03s, MEM: 21.31 MB peak
Yosys 0.68+40 (git sha1 0f2bcb94b-dirty, Release, Clang /usr/bin/clang++ 21.1.8)
Time spent: 54% 1x abc (0 sec), 9% 3x read_verilog (0 sec), ...
