
 /----------------------------------------------------------------------------\
 |  yosys -- Yosys Open SYnthesis Suite                                       |
 |  Copyright (C) 2012 - 2026  Claire Xenia Wolf <claire@yosyshq.com>         |
 |  Distributed under an ISC-like license, type "license" to see terms        |
 \----------------------------------------------------------------------------/
 Yosys 0.68+40 (git sha1 0f2bcb94b-dirty, Release, Clang /usr/bin/clang++ 21.1.8)

-- Running command `read_verilog -Irtl rtl/instruction_decoder.v; hierarchy -check -top instruction_decoder; synth -top instruction_decoder; check; stat; write_verilog build/instruction_decoder_synth.v; write_json build/instruction_decoder.json' --

1. Executing Verilog-2005 frontend: rtl/instruction_decoder.v
Parsing Verilog input from `rtl/instruction_decoder.v' to AST representation.
Generating RTLIL representation for module `\instruction_decoder'.
Successfully finished Verilog frontend.

2. Executing HIERARCHY pass (managing design hierarchy).

2.1. Analyzing design hierarchy..
Top module:  \instruction_decoder

2.2. Analyzing design hierarchy..
Top module:  \instruction_decoder
Removed 0 unused modules.

3. Executing SYNTH pass.

3.1. Executing HIERARCHY pass (managing design hierarchy).

3.1.1. Analyzing design hierarchy..
Top module:  \instruction_decoder

3.1.2. Analyzing design hierarchy..
Top module:  \instruction_decoder
Removed 0 unused modules.

3.2. Executing PROC pass (convert processes to netlists).

3.2.1. Executing PROC_CLEAN pass (remove empty switches from decision trees).
Cleaned up 0 empty switches.

3.2.2. Executing PROC_RMDEAD pass (remove dead branches from decision trees).
Removed 1 dead cases from process $proc$rtl/instruction_decoder.v:21$1 in module instruction_decoder.
Marked 1 switch rules as full_case in process $proc$rtl/instruction_decoder.v:21$1 in module instruction_decoder.
Removed a total of 1 dead cases.

3.2.3. Executing PROC_PRUNE pass (remove redundant assignments in processes).
Removed 0 redundant assignments.
Promoted 11 assignments to connections.

3.2.4. Executing PROC_INIT pass (extract init attributes).

3.2.5. Executing PROC_ARST pass (detect async resets in processes).

3.2.6. Executing PROC_ROM pass (convert switches to ROMs).
Converted 1 switch.

3.2.7. Executing PROC_MUX pass (convert decision trees to multiplexers).
Creating decoders for process `\instruction_decoder.$proc$rtl/instruction_decoder.v:21$1'.
     1/1: { $1\reserved[0:0] $1\halt[0:0] $1\jump_zero[0:0] $1\jump[0:0] $1\out_we[0:0] $1\data_we[0:0] $1\c_we[0:0] $1\z_we[0:0] $1\acc_we[0:0] $1\operand_sel[0:0] $1\alu_op[2:0] }

3.2.8. Executing PROC_DLATCH pass (convert process syncs to latches).
No latch inferred for signal `\instruction_decoder.\alu_op' from process `\instruction_decoder.$proc$rtl/instruction_decoder.v:21$1'.
No latch inferred for signal `\instruction_decoder.\operand_sel' from process `\instruction_decoder.$proc$rtl/instruction_decoder.v:21$1'.
No latch inferred for signal `\instruction_decoder.\acc_we' from process `\instruction_decoder.$proc$rtl/instruction_decoder.v:21$1'.
No latch inferred for signal `\instruction_decoder.\z_we' from process `\instruction_decoder.$proc$rtl/instruction_decoder.v:21$1'.
No latch inferred for signal `\instruction_decoder.\c_we' from process `\instruction_decoder.$proc$rtl/instruction_decoder.v:21$1'.
No latch inferred for signal `\instruction_decoder.\data_we' from process `\instruction_decoder.$proc$rtl/instruction_decoder.v:21$1'.
No latch inferred for signal `\instruction_decoder.\out_we' from process `\instruction_decoder.$proc$rtl/instruction_decoder.v:21$1'.
No latch inferred for signal `\instruction_decoder.\jump' from process `\instruction_decoder.$proc$rtl/instruction_decoder.v:21$1'.
No latch inferred for signal `\instruction_decoder.\jump_zero' from process `\instruction_decoder.$proc$rtl/instruction_decoder.v:21$1'.
No latch inferred for signal `\instruction_decoder.\halt' from process `\instruction_decoder.$proc$rtl/instruction_decoder.v:21$1'.
No latch inferred for signal `\instruction_decoder.\reserved' from process `\instruction_decoder.$proc$rtl/instruction_decoder.v:21$1'.

3.2.9. Executing PROC_DFF pass (convert process syncs to FFs).

3.2.10. Executing PROC_MEMWR pass (convert process memory writes to cells).

3.2.11. Executing PROC_CLEAN pass (remove empty switches from decision trees).
Found and cleaned up 1 empty switch in `\instruction_decoder.$proc$rtl/instruction_decoder.v:21$1'.
Removing empty process `instruction_decoder.$proc$rtl/instruction_decoder.v:21$1'.
Cleaned up 1 empty switch.

3.2.12. Executing OPT_EXPR pass (perform const folding).
Optimizing module instruction_decoder.

3.3. Executing OPT_EXPR pass (perform const folding).
Optimizing module instruction_decoder.

3.4. Executing OPT_CLEAN pass (remove unused cells and wires).
Finding unused cells or wires in module \instruction_decoder..
Removed 0 unused cells and 23 unused wires.
<suppressed ~1 debug messages>

3.5. Executing CHECK pass (checking for obvious problems).
Checking module instruction_decoder...
Found and reported 0 problems.

3.6. Executing OPT pass (performing simple optimizations).

3.6.1. Executing OPT_EXPR pass (perform const folding).
Optimizing module instruction_decoder.

3.6.2. Executing OPT_MERGE pass (detect identical cells).
Finding identical cells in module `\instruction_decoder'.
Computing hashes of 2 cells of `\instruction_decoder'.
Finding duplicate cells in `\instruction_decoder'.
Removed a total of 0 cells.

3.6.3. Executing OPT_MUXTREE pass (detect dead branches in mux trees).
Running muxtree optimizer on module \instruction_decoder..
  Creating internal representation of mux trees.
  No muxes found in this module.
Removed 0 multiplexer ports.

3.6.4. Executing OPT_REDUCE pass (consolidate $*mux and $reduce_* inputs).
  Optimizing cells in module \instruction_decoder.
Performed a total of 0 changes.

3.6.5. Executing OPT_MERGE pass (detect identical cells).
Finding identical cells in module `\instruction_decoder'.
Computing hashes of 2 cells of `\instruction_decoder'.
Finding duplicate cells in `\instruction_decoder'.
Removed a total of 0 cells.

3.6.6. Executing OPT_DFF pass (perform DFF optimizations).

3.6.7. Executing OPT_CLEAN pass (remove unused cells and wires).
Finding unused cells or wires in module \instruction_decoder..

3.6.8. Executing OPT_EXPR pass (perform const folding).
Optimizing module instruction_decoder.

3.6.9. Finished fast OPT passes. (There is nothing left to do.)

3.7. Executing FSM pass (extract and optimize FSM).

3.7.1. Executing FSM_DETECT pass (finding FSMs in design).

3.7.2. Executing FSM_EXTRACT pass (extracting FSM from design).

3.7.3. Executing FSM_OPT pass (simple optimizations of FSMs).

3.7.4. Executing OPT_CLEAN pass (remove unused cells and wires).
Finding unused cells or wires in module \instruction_decoder..

3.7.5. Executing FSM_OPT pass (simple optimizations of FSMs).

3.7.6. Executing FSM_RECODE pass (re-assigning FSM state encoding).

3.7.7. Executing FSM_INFO pass (dumping all available information on FSM cells).

3.7.8. Executing FSM_MAP pass (mapping FSMs to basic logic).

3.8. Executing OPT pass (performing simple optimizations).

3.8.1. Executing OPT_EXPR pass (perform const folding).
Optimizing module instruction_decoder.

3.8.2. Executing OPT_MERGE pass (detect identical cells).
Finding identical cells in module `\instruction_decoder'.
Computing hashes of 2 cells of `\instruction_decoder'.
Finding duplicate cells in `\instruction_decoder'.
Removed a total of 0 cells.

3.8.3. Executing OPT_MUXTREE pass (detect dead branches in mux trees).
Running muxtree optimizer on module \instruction_decoder..
  Creating internal representation of mux trees.
  No muxes found in this module.
Removed 0 multiplexer ports.

3.8.4. Executing OPT_REDUCE pass (consolidate $*mux and $reduce_* inputs).
  Optimizing cells in module \instruction_decoder.
Performed a total of 0 changes.

3.8.5. Executing OPT_MERGE pass (detect identical cells).
Finding identical cells in module `\instruction_decoder'.
Computing hashes of 2 cells of `\instruction_decoder'.
Finding duplicate cells in `\instruction_decoder'.
Removed a total of 0 cells.

3.8.6. Executing OPT_DFF pass (perform DFF optimizations).

3.8.7. Executing OPT_CLEAN pass (remove unused cells and wires).
Finding unused cells or wires in module \instruction_decoder..

3.8.8. Executing OPT_EXPR pass (perform const folding).
Optimizing module instruction_decoder.

3.8.9. Finished fast OPT passes. (There is nothing left to do.)

3.9. Executing WREDUCE pass (reducing word size of cells).
Removed top 28 address bits (of 32) from memory init port instruction_decoder.$auto$mem.cc:351:emit$5 ($auto$proc_rom.cc:155:do_switch$3).

3.10. Executing PEEPOPT pass (run peephole optimizers).

3.11. Executing OPT_CLEAN pass (remove unused cells and wires).
Finding unused cells or wires in module \instruction_decoder..

3.12. Executing ALUMACC pass (create $alu and $macc cells).
Extracting $alu and $macc cells in module instruction_decoder:
  created 0 $alu and 0 $macc cells.

3.13. Executing SHARE pass (SAT-based resource sharing).

3.14. Executing OPT pass (performing simple optimizations).

3.14.1. Executing OPT_EXPR pass (perform const folding).
Optimizing module instruction_decoder.

3.14.2. Executing OPT_MERGE pass (detect identical cells).
Finding identical cells in module `\instruction_decoder'.
Computing hashes of 2 cells of `\instruction_decoder'.
Finding duplicate cells in `\instruction_decoder'.
Removed a total of 0 cells.

3.14.3. Executing OPT_MUXTREE pass (detect dead branches in mux trees).
Running muxtree optimizer on module \instruction_decoder..
  Creating internal representation of mux trees.
  No muxes found in this module.
Removed 0 multiplexer ports.

3.14.4. Executing OPT_REDUCE pass (consolidate $*mux and $reduce_* inputs).
  Optimizing cells in module \instruction_decoder.
Performed a total of 0 changes.

3.14.5. Executing OPT_MERGE pass (detect identical cells).
Finding identical cells in module `\instruction_decoder'.
Computing hashes of 2 cells of `\instruction_decoder'.
Finding duplicate cells in `\instruction_decoder'.
Removed a total of 0 cells.

3.14.6. Executing OPT_DFF pass (perform DFF optimizations).

3.14.7. Executing OPT_CLEAN pass (remove unused cells and wires).
Finding unused cells or wires in module \instruction_decoder..

3.14.8. Executing OPT_EXPR pass (perform const folding).
Optimizing module instruction_decoder.

3.14.9. Finished fast OPT passes. (There is nothing left to do.)

3.15. Executing MEMORY pass.

3.15.1. Executing OPT_MEM pass (optimize memories).
Performed a total of 0 transformations.

3.15.2. Executing OPT_MEM_PRIORITY pass (removing unnecessary memory write priority relations).
Performed a total of 0 transformations.

3.15.3. Executing OPT_MEM_FEEDBACK pass (finding memory read-to-write feedback paths).

3.15.4. Executing MEMORY_BMUX2ROM pass (converting muxes to ROMs).

3.15.5. Executing MEMORY_DFF pass (merging $dff cells to $memrd).
Checking read port `$auto$proc_rom.cc:155:do_switch$3'[0] in module `\instruction_decoder': no output FF found.
Checking read port address `$auto$proc_rom.cc:155:do_switch$3'[0] in module `\instruction_decoder': no address FF found.

3.15.6. Executing OPT_CLEAN pass (remove unused cells and wires).
Finding unused cells or wires in module \instruction_decoder..

3.15.7. Executing MEMORY_SHARE pass (consolidating $memrd/$memwr cells).

3.15.8. Executing OPT_MEM_WIDEN pass (optimize memories where all ports are wide).
Performed a total of 0 transformations.

3.15.9. Executing OPT_CLEAN pass (remove unused cells and wires).
Finding unused cells or wires in module \instruction_decoder..

3.15.10. Executing MEMORY_COLLECT pass (generating $mem cells).

3.16. Executing OPT_CLEAN pass (remove unused cells and wires).
Finding unused cells or wires in module \instruction_decoder..

3.17. Executing OPT pass (performing simple optimizations).

3.17.1. Executing OPT_EXPR pass (perform const folding).
Optimizing module instruction_decoder.

3.17.2. Executing OPT_MERGE pass (detect identical cells).
Finding identical cells in module `\instruction_decoder'.
Computing hashes of 1 cells of `\instruction_decoder'.
Finding duplicate cells in `\instruction_decoder'.
Removed a total of 0 cells.

3.17.3. Executing OPT_DFF pass (perform DFF optimizations).

3.17.4. Executing OPT_CLEAN pass (remove unused cells and wires).
Finding unused cells or wires in module \instruction_decoder..

3.17.5. Finished fast OPT passes.

3.18. Executing MEMORY_MAP pass (converting memories to logic and flip-flops).
Mapping memory $auto$proc_rom.cc:155:do_switch$3 in module \instruction_decoder:
  created 16 $dff cells and 0 static cells of width 13.
  read interface: 0 $dff and 15 $mux cells.
  write interface: 0 write mux blocks.

3.19. Executing OPT pass (performing simple optimizations).

3.19.1. Executing OPT_EXPR pass (perform const folding).
Optimizing module instruction_decoder.

3.19.2. Executing OPT_MERGE pass (detect identical cells).
Finding identical cells in module `\instruction_decoder'.
Computing hashes of 15 cells of `\instruction_decoder'.
Finding duplicate cells in `\instruction_decoder'.
Removed a total of 0 cells.

3.19.3. Executing OPT_MUXTREE pass (detect dead branches in mux trees).
Running muxtree optimizer on module \instruction_decoder..
  Creating internal representation of mux trees.
  Evaluating internal representation of mux trees.
  Analyzing evaluation results.
Removed 0 multiplexer ports.
<suppressed ~16 debug messages>

3.19.4. Executing OPT_REDUCE pass (consolidate $*mux and $reduce_* inputs).
  Optimizing cells in module \instruction_decoder.
    Consolidated identical input bits for $mux cell $memory$auto$proc_rom.cc:155:do_switch$3$rdmux[0][3][6]$48:
      Old ports: A=13'0000001110110, B=13'0000001110111, Y=$memory$auto$proc_rom.cc:155:do_switch$3$rdmux[0][2][3]$a$28
      New ports: A=1'0, B=1'1, Y=$memory$auto$proc_rom.cc:155:do_switch$3$rdmux[0][2][3]$a$28 [0]
      New connections: $memory$auto$proc_rom.cc:155:do_switch$3$rdmux[0][2][3]$a$28 [12:1] = 12'000000111011
    Consolidated identical input bits for $mux cell $memory$auto$proc_rom.cc:155:do_switch$3$rdmux[0][3][5]$45:
      Old ports: A=13'0010000000000, B=13'0000100000000, Y=$memory$auto$proc_rom.cc:155:do_switch$3$rdmux[0][2][2]$b$26
      New ports: A=2'10, B=2'01, Y={ $memory$auto$proc_rom.cc:155:do_switch$3$rdmux[0][2][2]$b$26 [10] $memory$auto$proc_rom.cc:155:do_switch$3$rdmux[0][2][2]$b$26 [8] }
      New connections: { $memory$auto$proc_rom.cc:155:do_switch$3$rdmux[0][2][2]$b$26 [12:11] $memory$auto$proc_rom.cc:155:do_switch$3$rdmux[0][2][2]$b$26 [9] $memory$auto$proc_rom.cc:155:do_switch$3$rdmux[0][2][2]$b$26 [7:0] } = 11'00000000000
    Consolidated identical input bits for $mux cell $memory$auto$proc_rom.cc:155:do_switch$3$rdmux[0][3][4]$42:
      Old ports: A=13'0000000111101, B=13'0001000000000, Y=$memory$auto$proc_rom.cc:155:do_switch$3$rdmux[0][2][2]$a$25
      New ports: A=2'01, B=2'10, Y={ $memory$auto$proc_rom.cc:155:do_switch$3$rdmux[0][2][2]$a$25 [9] $memory$auto$proc_rom.cc:155:do_switch$3$rdmux[0][2][2]$a$25 [0] }
      New connections: { $memory$auto$proc_rom.cc:155:do_switch$3$rdmux[0][2][2]$a$25 [12:10] $memory$auto$proc_rom.cc:155:do_switch$3$rdmux[0][2][2]$a$25 [8:1] } = { 6'000000 $memory$auto$proc_rom.cc:155:do_switch$3$rdmux[0][2][2]$a$25 [0] $memory$auto$proc_rom.cc:155:do_switch$3$rdmux[0][2][2]$a$25 [0] $memory$auto$proc_rom.cc:155:do_switch$3$rdmux[0][2][2]$a$25 [0] $memory$auto$proc_rom.cc:155:do_switch$3$rdmux[0][2][2]$a$25 [0] 1'0 }
    Consolidated identical input bits for $mux cell $memory$auto$proc_rom.cc:155:do_switch$3$rdmux[0][3][3]$39:
      Old ports: A=13'0000000111011, B=13'0000000111100, Y=$memory$auto$proc_rom.cc:155:do_switch$3$rdmux[0][2][1]$b$23
      New ports: A=2'01, B=2'10, Y={ $memory$auto$proc_rom.cc:155:do_switch$3$rdmux[0][2][1]$b$23 [2] $memory$auto$proc_rom.cc:155:do_switch$3$rdmux[0][2][1]$b$23 [0] }
      New connections: { $memory$auto$proc_rom.cc:155:do_switch$3$rdmux[0][2][1]$b$23 [12:3] $memory$auto$proc_rom.cc:155:do_switch$3$rdmux[0][2][1]$b$23 [1] } = { 10'0000000111 $memory$auto$proc_rom.cc:155:do_switch$3$rdmux[0][2][1]$b$23 [0] }
    Consolidated identical input bits for $mux cell $memory$auto$proc_rom.cc:155:do_switch$3$rdmux[0][3][2]$36:
      Old ports: A=13'0000001111001, B=13'0000001111010, Y=$memory$auto$proc_rom.cc:155:do_switch$3$rdmux[0][2][1]$a$22
      New ports: A=2'01, B=2'10, Y=$memory$auto$proc_rom.cc:155:do_switch$3$rdmux[0][2][1]$a$22 [1:0]
      New connections: $memory$auto$proc_rom.cc:155:do_switch$3$rdmux[0][2][1]$a$22 [12:2] = 11'00000011110
    Consolidated identical input bits for $mux cell $memory$auto$proc_rom.cc:155:do_switch$3$rdmux[0][3][1]$33:
      Old ports: A=13'0000000111000, B=13'0000010000000, Y=$memory$auto$proc_rom.cc:155:do_switch$3$rdmux[0][2][0]$b$20
      New ports: A=2'01, B=2'10, Y={ $memory$auto$proc_rom.cc:155:do_switch$3$rdmux[0][2][0]$b$20 [7] $memory$auto$proc_rom.cc:155:do_switch$3$rdmux[0][2][0]$b$20 [3] }
      New connections: { $memory$auto$proc_rom.cc:155:do_switch$3$rdmux[0][2][0]$b$20 [12:8] $memory$auto$proc_rom.cc:155:do_switch$3$rdmux[0][2][0]$b$20 [6:4] $memory$auto$proc_rom.cc:155:do_switch$3$rdmux[0][2][0]$b$20 [2:0] } = { 6'000000 $memory$auto$proc_rom.cc:155:do_switch$3$rdmux[0][2][0]$b$20 [3] $memory$auto$proc_rom.cc:155:do_switch$3$rdmux[0][2][0]$b$20 [3] 3'000 }
    Consolidated identical input bits for $mux cell $memory$auto$proc_rom.cc:155:do_switch$3$rdmux[0][3][0]$30:
      Old ports: A=13'0000000000000, B=13'0000000110000, Y=$memory$auto$proc_rom.cc:155:do_switch$3$rdmux[0][2][0]$a$19
      New ports: A=1'0, B=1'1, Y=$memory$auto$proc_rom.cc:155:do_switch$3$rdmux[0][2][0]$a$19 [4]
      New connections: { $memory$auto$proc_rom.cc:155:do_switch$3$rdmux[0][2][0]$a$19 [12:5] $memory$auto$proc_rom.cc:155:do_switch$3$rdmux[0][2][0]$a$19 [3:0] } = { 7'0000000 $memory$auto$proc_rom.cc:155:do_switch$3$rdmux[0][2][0]$a$19 [4] 4'0000 }
    Consolidated identical input bits for $mux cell $memory$auto$proc_rom.cc:155:do_switch$3$rdmux[0][3][7]$51:
      Old ports: A=13'1000000000000, B=13'0100000000000, Y=$memory$auto$proc_rom.cc:155:do_switch$3$rdmux[0][2][3]$b$29
      New ports: A=2'10, B=2'01, Y=$memory$auto$proc_rom.cc:155:do_switch$3$rdmux[0][2][3]$b$29 [12:11]
      New connections: $memory$auto$proc_rom.cc:155:do_switch$3$rdmux[0][2][3]$b$29 [10:0] = 11'00000000000
  Optimizing cells in module \instruction_decoder.
    Consolidated identical input bits for $mux cell $memory$auto$proc_rom.cc:155:do_switch$3$rdmux[0][2][3]$27:
      Old ports: A=$memory$auto$proc_rom.cc:155:do_switch$3$rdmux[0][2][3]$a$28, B=$memory$auto$proc_rom.cc:155:do_switch$3$rdmux[0][2][3]$b$29, Y=$memory$auto$proc_rom.cc:155:do_switch$3$rdmux[0][1][1]$b$17
      New ports: A={ 3'001 $memory$auto$proc_rom.cc:155:do_switch$3$rdmux[0][2][3]$a$28 [0] }, B={ $memory$auto$proc_rom.cc:155:do_switch$3$rdmux[0][2][3]$b$29 [12:11] 2'00 }, Y={ $memory$auto$proc_rom.cc:155:do_switch$3$rdmux[0][1][1]$b$17 [12:11] $memory$auto$proc_rom.cc:155:do_switch$3$rdmux[0][1][1]$b$17 [1:0] }
      New connections: $memory$auto$proc_rom.cc:155:do_switch$3$rdmux[0][1][1]$b$17 [10:2] = { 4'0000 $memory$auto$proc_rom.cc:155:do_switch$3$rdmux[0][1][1]$b$17 [1] $memory$auto$proc_rom.cc:155:do_switch$3$rdmux[0][1][1]$b$17 [1] $memory$auto$proc_rom.cc:155:do_switch$3$rdmux[0][1][1]$b$17 [1] 1'0 $memory$auto$proc_rom.cc:155:do_switch$3$rdmux[0][1][1]$b$17 [1] }
    Consolidated identical input bits for $mux cell $memory$auto$proc_rom.cc:155:do_switch$3$rdmux[0][2][2]$24:
      Old ports: A=$memory$auto$proc_rom.cc:155:do_switch$3$rdmux[0][2][2]$a$25, B=$memory$auto$proc_rom.cc:155:do_switch$3$rdmux[0][2][2]$b$26, Y=$memory$auto$proc_rom.cc:155:do_switch$3$rdmux[0][1][1]$a$16
      New ports: A={ 1'0 $memory$auto$proc_rom.cc:155:do_switch$3$rdmux[0][2][2]$a$25 [9] 1'0 $memory$auto$proc_rom.cc:155:do_switch$3$rdmux[0][2][2]$a$25 [0] }, B={ $memory$auto$proc_rom.cc:155:do_switch$3$rdmux[0][2][2]$b$26 [10] 1'0 $memory$auto$proc_rom.cc:155:do_switch$3$rdmux[0][2][2]$b$26 [8] 1'0 }, Y={ $memory$auto$proc_rom.cc:155:do_switch$3$rdmux[0][1][1]$a$16 [10:8] $memory$auto$proc_rom.cc:155:do_switch$3$rdmux[0][1][1]$a$16 [0] }
      New connections: { $memory$auto$proc_rom.cc:155:do_switch$3$rdmux[0][1][1]$a$16 [12:11] $memory$auto$proc_rom.cc:155:do_switch$3$rdmux[0][1][1]$a$16 [7:1] } = { 4'0000 $memory$auto$proc_rom.cc:155:do_switch$3$rdmux[0][1][1]$a$16 [0] $memory$auto$proc_rom.cc:155:do_switch$3$rdmux[0][1][1]$a$16 [0] $memory$auto$proc_rom.cc:155:do_switch$3$rdmux[0][1][1]$a$16 [0] $memory$auto$proc_rom.cc:155:do_switch$3$rdmux[0][1][1]$a$16 [0] 1'0 }
    Consolidated identical input bits for $mux cell $memory$auto$proc_rom.cc:155:do_switch$3$rdmux[0][2][1]$21:
      Old ports: A=$memory$auto$proc_rom.cc:155:do_switch$3$rdmux[0][2][1]$a$22, B=$memory$auto$proc_rom.cc:155:do_switch$3$rdmux[0][2][1]$b$23, Y=$memory$auto$proc_rom.cc:155:do_switch$3$rdmux[0][1][0]$b$14
      New ports: A={ 2'10 $memory$auto$proc_rom.cc:155:do_switch$3$rdmux[0][2][1]$a$22 [1:0] }, B={ 1'0 $memory$auto$proc_rom.cc:155:do_switch$3$rdmux[0][2][1]$b$23 [2] $memory$auto$proc_rom.cc:155:do_switch$3$rdmux[0][2][1]$b$23 [0] $memory$auto$proc_rom.cc:155:do_switch$3$rdmux[0][2][1]$b$23 [0] }, Y={ $memory$auto$proc_rom.cc:155:do_switch$3$rdmux[0][1][0]$b$14 [6] $memory$auto$proc_rom.cc:155:do_switch$3$rdmux[0][1][0]$b$14 [2:0] }
      New connections: { $memory$auto$proc_rom.cc:155:do_switch$3$rdmux[0][1][0]$b$14 [12:7] $memory$auto$proc_rom.cc:155:do_switch$3$rdmux[0][1][0]$b$14 [5:3] } = 9'000000111
    Consolidated identical input bits for $mux cell $memory$auto$proc_rom.cc:155:do_switch$3$rdmux[0][2][0]$18:
      Old ports: A=$memory$auto$proc_rom.cc:155:do_switch$3$rdmux[0][2][0]$a$19, B=$memory$auto$proc_rom.cc:155:do_switch$3$rdmux[0][2][0]$b$20, Y=$memory$auto$proc_rom.cc:155:do_switch$3$rdmux[0][1][0]$a$13
      New ports: A={ 1'0 $memory$auto$proc_rom.cc:155:do_switch$3$rdmux[0][2][0]$a$19 [4] 1'0 }, B={ $memory$auto$proc_rom.cc:155:do_switch$3$rdmux[0][2][0]$b$20 [7] $memory$auto$proc_rom.cc:155:do_switch$3$rdmux[0][2][0]$b$20 [3] $memory$auto$proc_rom.cc:155:do_switch$3$rdmux[0][2][0]$b$20 [3] }, Y={ $memory$auto$proc_rom.cc:155:do_switch$3$rdmux[0][1][0]$a$13 [7] $memory$auto$proc_rom.cc:155:do_switch$3$rdmux[0][1][0]$a$13 [4:3] }
      New connections: { $memory$auto$proc_rom.cc:155:do_switch$3$rdmux[0][1][0]$a$13 [12:8] $memory$auto$proc_rom.cc:155:do_switch$3$rdmux[0][1][0]$a$13 [6:5] $memory$auto$proc_rom.cc:155:do_switch$3$rdmux[0][1][0]$a$13 [2:0] } = { 6'000000 $memory$auto$proc_rom.cc:155:do_switch$3$rdmux[0][1][0]$a$13 [4] 3'000 }
  Optimizing cells in module \instruction_decoder.
    Consolidated identical input bits for $mux cell $memory$auto$proc_rom.cc:155:do_switch$3$rdmux[0][1][1]$15:
      Old ports: A=$memory$auto$proc_rom.cc:155:do_switch$3$rdmux[0][1][1]$a$16, B=$memory$auto$proc_rom.cc:155:do_switch$3$rdmux[0][1][1]$b$17, Y=$memory$auto$proc_rom.cc:155:do_switch$3$rdmux[0][0][0]$b$11
      New ports: A={ 2'00 $memory$auto$proc_rom.cc:155:do_switch$3$rdmux[0][1][1]$a$16 [10:8] $memory$auto$proc_rom.cc:155:do_switch$3$rdmux[0][1][1]$a$16 [0] $memory$auto$proc_rom.cc:155:do_switch$3$rdmux[0][1][1]$a$16 [0] 1'0 $memory$auto$proc_rom.cc:155:do_switch$3$rdmux[0][1][1]$a$16 [0] }, B={ $memory$auto$proc_rom.cc:155:do_switch$3$rdmux[0][1][1]$b$17 [12:11] 4'0000 $memory$auto$proc_rom.cc:155:do_switch$3$rdmux[0][1][1]$b$17 [1] $memory$auto$proc_rom.cc:155:do_switch$3$rdmux[0][1][1]$b$17 [1:0] }, Y={ $memory$auto$proc_rom.cc:155:do_switch$3$rdmux[0][0][0]$b$11 [12:8] $memory$auto$proc_rom.cc:155:do_switch$3$rdmux[0][0][0]$b$11 [3:0] }
      New connections: $memory$auto$proc_rom.cc:155:do_switch$3$rdmux[0][0][0]$b$11 [7:4] = { 1'0 $memory$auto$proc_rom.cc:155:do_switch$3$rdmux[0][0][0]$b$11 [1] $memory$auto$proc_rom.cc:155:do_switch$3$rdmux[0][0][0]$b$11 [2] $memory$auto$proc_rom.cc:155:do_switch$3$rdmux[0][0][0]$b$11 [2] }
    Consolidated identical input bits for $mux cell $memory$auto$proc_rom.cc:155:do_switch$3$rdmux[0][1][0]$12:
      Old ports: A=$memory$auto$proc_rom.cc:155:do_switch$3$rdmux[0][1][0]$a$13, B=$memory$auto$proc_rom.cc:155:do_switch$3$rdmux[0][1][0]$b$14, Y=$memory$auto$proc_rom.cc:155:do_switch$3$rdmux[0][0][0]$a$10
      New ports: A={ $memory$auto$proc_rom.cc:155:do_switch$3$rdmux[0][1][0]$a$13 [7] 1'0 $memory$auto$proc_rom.cc:155:do_switch$3$rdmux[0][1][0]$a$13 [4:3] 3'000 }, B={ 1'0 $memory$auto$proc_rom.cc:155:do_switch$3$rdmux[0][1][0]$b$14 [6] 2'11 $memory$auto$proc_rom.cc:155:do_switch$3$rdmux[0][1][0]$b$14 [2:0] }, Y={ $memory$auto$proc_rom.cc:155:do_switch$3$rdmux[0][0][0]$a$10 [7:6] $memory$auto$proc_rom.cc:155:do_switch$3$rdmux[0][0][0]$a$10 [4:0] }
      New connections: { $memory$auto$proc_rom.cc:155:do_switch$3$rdmux[0][0][0]$a$10 [12:8] $memory$auto$proc_rom.cc:155:do_switch$3$rdmux[0][0][0]$a$10 [5] } = { 5'00000 $memory$auto$proc_rom.cc:155:do_switch$3$rdmux[0][0][0]$a$10 [4] }
  Optimizing cells in module \instruction_decoder.
    Consolidated identical input bits for $mux cell $memory$auto$proc_rom.cc:155:do_switch$3$rdmux[0][0][0]$9:
      Old ports: A=$memory$auto$proc_rom.cc:155:do_switch$3$rdmux[0][0][0]$a$10, B=$memory$auto$proc_rom.cc:155:do_switch$3$rdmux[0][0][0]$b$11, Y={ \reserved \halt \jump_zero \jump \out_we \data_we \c_we \z_we \acc_we \operand_sel \alu_op }
      New ports: A={ 5'00000 $memory$auto$proc_rom.cc:155:do_switch$3$rdmux[0][0][0]$a$10 [7:6] $memory$auto$proc_rom.cc:155:do_switch$3$rdmux[0][0][0]$a$10 [4:0] }, B={ $memory$auto$proc_rom.cc:155:do_switch$3$rdmux[0][0][0]$b$11 [12:8] 1'0 $memory$auto$proc_rom.cc:155:do_switch$3$rdmux[0][0][0]$b$11 [1] $memory$auto$proc_rom.cc:155:do_switch$3$rdmux[0][0][0]$b$11 [2] $memory$auto$proc_rom.cc:155:do_switch$3$rdmux[0][0][0]$b$11 [3:0] }, Y={ \reserved \halt \jump_zero \jump \out_we \data_we \c_we \acc_we \operand_sel \alu_op }
      New connections: \z_we = \acc_we
  Optimizing cells in module \instruction_decoder.
Performed a total of 15 changes.

3.19.5. Executing OPT_MERGE pass (detect identical cells).
Finding identical cells in module `\instruction_decoder'.
Computing hashes of 15 cells of `\instruction_decoder'.
Finding duplicate cells in `\instruction_decoder'.
Computing hashes of 10 cells of `\instruction_decoder'.
Finding duplicate cells in `\instruction_decoder'.
<suppressed ~15 debug messages>
Removed a total of 5 cells.

3.19.6. Executing OPT_SHARE pass.

3.19.7. Executing OPT_DFF pass (perform DFF optimizations).

3.19.8. Executing OPT_CLEAN pass (remove unused cells and wires).
Finding unused cells or wires in module \instruction_decoder..
Removed 0 unused cells and 21 unused wires.
<suppressed ~1 debug messages>

3.19.9. Executing OPT_EXPR pass (perform const folding).
Optimizing module instruction_decoder.
<suppressed ~1 debug messages>

3.19.10. Rerunning OPT passes. (Maybe there is more to do..)

3.19.11. Executing OPT_MUXTREE pass (detect dead branches in mux trees).
Running muxtree optimizer on module \instruction_decoder..
  Creating internal representation of mux trees.
  Evaluating internal representation of mux trees.
  Analyzing evaluation results.
Removed 0 multiplexer ports.
<suppressed ~18 debug messages>

3.19.12. Executing OPT_REDUCE pass (consolidate $*mux and $reduce_* inputs).
  Optimizing cells in module \instruction_decoder.
    Consolidated identical input bits for $mux cell $memory$auto$proc_rom.cc:155:do_switch$3$rdmux[0][2][1]$21:
      Old ports: A={ 2'10 $memory$auto$proc_rom.cc:155:do_switch$3$rdmux[0][2][0]$b$20 [7] $memory$auto$proc_rom.cc:155:do_switch$3$rdmux[0][2][0]$b$20 [3] }, B={ 1'0 $memory$auto$proc_rom.cc:155:do_switch$3$rdmux[0][2][0]$b$20 [7] $memory$auto$proc_rom.cc:155:do_switch$3$rdmux[0][2][0]$b$20 [3] $memory$auto$proc_rom.cc:155:do_switch$3$rdmux[0][2][0]$b$20 [3] }, Y={ $memory$auto$proc_rom.cc:155:do_switch$3$rdmux[0][1][0]$b$14 [6] $memory$auto$proc_rom.cc:155:do_switch$3$rdmux[0][1][0]$b$14 [2:0] }
      New ports: A={ 2'10 $memory$auto$proc_rom.cc:155:do_switch$3$rdmux[0][2][0]$b$20 [7] }, B={ 1'0 $memory$auto$proc_rom.cc:155:do_switch$3$rdmux[0][2][0]$b$20 [7] $memory$auto$proc_rom.cc:155:do_switch$3$rdmux[0][2][0]$b$20 [3] }, Y={ $memory$auto$proc_rom.cc:155:do_switch$3$rdmux[0][1][0]$b$14 [6] $memory$auto$proc_rom.cc:155:do_switch$3$rdmux[0][1][0]$b$14 [2:1] }
      New connections: $memory$auto$proc_rom.cc:155:do_switch$3$rdmux[0][1][0]$b$14 [0] = $memory$auto$proc_rom.cc:155:do_switch$3$rdmux[0][2][0]$b$20 [3]
  Optimizing cells in module \instruction_decoder.
Performed a total of 1 changes.

3.19.13. Executing OPT_MERGE pass (detect identical cells).
Finding identical cells in module `\instruction_decoder'.
Computing hashes of 9 cells of `\instruction_decoder'.
Finding duplicate cells in `\instruction_decoder'.
Removed a total of 0 cells.

3.19.14. Executing OPT_SHARE pass.

3.19.15. Executing OPT_DFF pass (perform DFF optimizations).

3.19.16. Executing OPT_CLEAN pass (remove unused cells and wires).
Finding unused cells or wires in module \instruction_decoder..
Removed 0 unused cells and 1 unused wires.
<suppressed ~1 debug messages>

3.19.17. Executing OPT_EXPR pass (perform const folding).
Optimizing module instruction_decoder.

3.19.18. Rerunning OPT passes. (Maybe there is more to do..)

3.19.19. Executing OPT_MUXTREE pass (detect dead branches in mux trees).
Running muxtree optimizer on module \instruction_decoder..
  Creating internal representation of mux trees.
  Evaluating internal representation of mux trees.
  Analyzing evaluation results.
Removed 0 multiplexer ports.
<suppressed ~17 debug messages>

3.19.20. Executing OPT_REDUCE pass (consolidate $*mux and $reduce_* inputs).
  Optimizing cells in module \instruction_decoder.
Performed a total of 0 changes.

3.19.21. Executing OPT_MERGE pass (detect identical cells).
Finding identical cells in module `\instruction_decoder'.
Computing hashes of 9 cells of `\instruction_decoder'.
Finding duplicate cells in `\instruction_decoder'.
Removed a total of 0 cells.

3.19.22. Executing OPT_SHARE pass.

3.19.23. Executing OPT_DFF pass (perform DFF optimizations).

3.19.24. Executing OPT_CLEAN pass (remove unused cells and wires).
Finding unused cells or wires in module \instruction_decoder..

3.19.25. Executing OPT_EXPR pass (perform const folding).
Optimizing module instruction_decoder.

3.19.26. Finished fast OPT passes. (There is nothing left to do.)

3.20. Executing TECHMAP pass (map to technology primitives).

3.20.1. Executing Verilog-2005 frontend: /opt/oss-cad-suite/lib/../share/yosys/techmap.v
Parsing Verilog input from `/opt/oss-cad-suite/lib/../share/yosys/techmap.v' to AST representation.
Generating RTLIL representation for module `\_90_simplemap_bool_ops'.
Generating RTLIL representation for module `\_90_simplemap_reduce_ops'.
Generating RTLIL representation for module `\_90_simplemap_logic_ops'.
Generating RTLIL representation for module `\_90_simplemap_compare_ops'.
Generating RTLIL representation for module `\_90_simplemap_various'.
Generating RTLIL representation for module `\_90_simplemap_registers'.
Generating RTLIL representation for module `\_90_shift_ops_shr_shl_sshl_sshr'.
Generating RTLIL representation for module `\_90_shift_shiftx'.
Generating RTLIL representation for module `\_90_fa'.
Generating RTLIL representation for module `\_90_lcu_brent_kung'.
Generating RTLIL representation for module `\_90_alu'.
Generating RTLIL representation for module `\_90_macc'.
Generating RTLIL representation for module `\_90_alumacc'.
Generating RTLIL representation for module `$__div_mod_u'.
Generating RTLIL representation for module `$__div_mod_trunc'.
Generating RTLIL representation for module `\_90_div'.
Generating RTLIL representation for module `\_90_mod'.
Generating RTLIL representation for module `$__div_mod_floor'.
Generating RTLIL representation for module `\_90_divfloor'.
Generating RTLIL representation for module `\_90_modfloor'.
Generating RTLIL representation for module `\_90_pow'.
Generating RTLIL representation for module `\_90_demux'.
Generating RTLIL representation for module `\_90_lut'.
Generating RTLIL representation for module `$connect'.
Generating RTLIL representation for module `$input_port'.
Successfully finished Verilog frontend.

3.20.2. Continuing TECHMAP pass.
Using extmapper simplemap for cells of type $mux.
No more expansions possible.
<suppressed ~86 debug messages>

3.21. Executing OPT pass (performing simple optimizations).

3.21.1. Executing OPT_EXPR pass (perform const folding).
Optimizing module instruction_decoder.
<suppressed ~2 debug messages>

3.21.2. Executing OPT_MERGE pass (detect identical cells).
Finding identical cells in module `\instruction_decoder'.
Computing hashes of 44 cells of `\instruction_decoder'.
Finding duplicate cells in `\instruction_decoder'.
Computing hashes of 36 cells of `\instruction_decoder'.
Finding duplicate cells in `\instruction_decoder'.
Computing hashes of 32 cells of `\instruction_decoder'.
Finding duplicate cells in `\instruction_decoder'.
<suppressed ~36 debug messages>
Removed a total of 12 cells.

3.21.3. Executing OPT_DFF pass (perform DFF optimizations).

3.21.4. Executing OPT_CLEAN pass (remove unused cells and wires).
Finding unused cells or wires in module \instruction_decoder..
Removed 0 unused cells and 3 unused wires.
<suppressed ~1 debug messages>

3.21.5. Finished fast OPT passes.

3.22. Executing ABC pass (technology mapping using ABC).

3.22.1. Extracting gate netlist of module `\instruction_decoder' to `<abc-temp-dir>/input.blif'..

3.22.1.1. Executed ABC.
Extracted 32 gates and 38 wires to a netlist network with 4 inputs and 12 outputs.
Running ABC script: <abc-temp-dir>/abc.script
ABC: UC Berkeley, ABC 1.01 (compiled Aug  8 2026 02:32:38)
ABC: abc 01> empty
ABC: abc 01> source <abc-temp-dir>/abc.script
ABC: + read_blif <abc-temp-dir>/input.blif 
ABC: + read_library <abc-temp-dir>/stdcells.genlib 
ABC: + strash 
ABC: + &get -n 
ABC: + &fraig -x 
ABC: + &put 
ABC: + scorr 
ABC: Warning: The network is combinational (run "fraig" or "fraig_sweep").
ABC: + dc2 
ABC: + dretime 
ABC: + strash 
ABC: + &get -n 
ABC: + &dch -f 
ABC: + &nf 
ABC: + &put 
ABC: + write_blif <abc-temp-dir>/output.blif 
ABC: 
ABC: YOSYS_ABC_DONE 

3.22.1.2. Re-integrating ABC results.
ABC RESULTS:               AND cells:        9
ABC RESULTS:            ANDNOT cells:        7
ABC RESULTS:               MUX cells:        1
ABC RESULTS:              NAND cells:        8
ABC RESULTS:               NOR cells:        3
ABC RESULTS:                OR cells:        2
ABC RESULTS:             ORNOT cells:        2
ABC RESULTS:        internal signals:       22
ABC RESULTS:           input signals:        4
ABC RESULTS:          output signals:       12
Removing temp directory.
Removing global temp directory.

3.23. Executing OPT pass (performing simple optimizations).

3.23.1. Executing OPT_EXPR pass (perform const folding).
Optimizing module instruction_decoder.

3.23.2. Executing OPT_MERGE pass (detect identical cells).
Finding identical cells in module `\instruction_decoder'.
Computing hashes of 32 cells of `\instruction_decoder'.
Finding duplicate cells in `\instruction_decoder'.
Removed a total of 0 cells.

3.23.3. Executing OPT_DFF pass (perform DFF optimizations).

3.23.4. Executing OPT_CLEAN pass (remove unused cells and wires).
Finding unused cells or wires in module \instruction_decoder..
Removed 0 unused cells and 21 unused wires.
<suppressed ~1 debug messages>

3.23.5. Finished fast OPT passes.

3.24. Executing HIERARCHY pass (managing design hierarchy).
Attribute `top' found on module `instruction_decoder'. Setting top module to instruction_decoder.

3.24.1. Analyzing design hierarchy..
Top module:  \instruction_decoder

3.24.2. Analyzing design hierarchy..
Top module:  \instruction_decoder
Removed 0 unused modules.

3.25. Printing statistics.

=== instruction_decoder ===

        +----------Local Count, excluding submodules.
        | 
       32 wires
       37 wire bits
       12 public wires
       17 public wire bits
       12 ports
       17 port bits
       32 cells
        7   $_ANDNOT_
        9   $_AND_
        1   $_MUX_
        8   $_NAND_
        3   $_NOR_
        2   $_ORNOT_
        2   $_OR_

3.26. Executing CHECK pass (checking for obvious problems).
Checking module instruction_decoder...
Found and reported 0 problems.

4. Executing CHECK pass (checking for obvious problems).
Checking module instruction_decoder...
Found and reported 0 problems.

5. Printing statistics.

=== instruction_decoder ===

        +----------Local Count, excluding submodules.
        | 
       32 wires
       37 wire bits
       12 public wires
       17 public wire bits
       12 ports
       17 port bits
       32 cells
        7   $_ANDNOT_
        9   $_AND_
        1   $_MUX_
        8   $_NAND_
        3   $_NOR_
        2   $_ORNOT_
        2   $_OR_

6. Executing Verilog backend.

6.1. Executing BMUXMAP pass.

6.2. Executing DEMUXMAP pass.
Dumping module `\instruction_decoder'.

7. Executing JSON backend.

End of script. Logfile hash: f676185dce, time: 0.15s, user: 0.03s, system: 0.01s, MEM: 21.31 MB peak
Yosys 0.68+40 (git sha1 0f2bcb94b-dirty, Release, Clang /usr/bin/clang++ 21.1.8)
Time spent: 59% 1x abc (0 sec), 12% 3x read_verilog (0 sec), ...
