
 /----------------------------------------------------------------------------\
 |  yosys -- Yosys Open SYnthesis Suite                                       |
 |  Copyright (C) 2012 - 2026  Claire Xenia Wolf <claire@yosyshq.com>         |
 |  Distributed under an ISC-like license, type "license" to see terms        |
 \----------------------------------------------------------------------------/
 Yosys 0.68+40 (git sha1 0f2bcb94b-dirty, Release, Clang /usr/bin/clang++ 21.1.8)

-- Running command `read_verilog rtl/program_rom.v; hierarchy -check -top program_rom; synth -top program_rom; check; stat; write_verilog build/program_rom_synth.v; write_json build/program_rom.json' --

1. Executing Verilog-2005 frontend: rtl/program_rom.v
Parsing Verilog input from `rtl/program_rom.v' to AST representation.
Generating RTLIL representation for module `\program_rom'.
Successfully finished Verilog frontend.

2. Executing HIERARCHY pass (managing design hierarchy).

2.1. Analyzing design hierarchy..
Top module:  \program_rom

2.2. Analyzing design hierarchy..
Top module:  \program_rom
Removed 0 unused modules.

3. Executing SYNTH pass.

3.1. Executing HIERARCHY pass (managing design hierarchy).

3.1.1. Analyzing design hierarchy..
Top module:  \program_rom

3.1.2. Analyzing design hierarchy..
Top module:  \program_rom
Removed 0 unused modules.

3.2. Executing PROC pass (convert processes to netlists).

3.2.1. Executing PROC_CLEAN pass (remove empty switches from decision trees).
Removing empty process `program_rom.$proc$rtl/program_rom.v:13$3'.
Cleaned up 0 empty switches.

3.2.2. Executing PROC_RMDEAD pass (remove dead branches from decision trees).
Removed a total of 0 dead cases.

3.2.3. Executing PROC_PRUNE pass (remove redundant assignments in processes).
Removed 0 redundant assignments.
Promoted 0 assignments to connections.

3.2.4. Executing PROC_INIT pass (extract init attributes).

3.2.5. Executing PROC_ARST pass (detect async resets in processes).

3.2.6. Executing PROC_ROM pass (convert switches to ROMs).
Converted 0 switches.

3.2.7. Executing PROC_MUX pass (convert decision trees to multiplexers).

3.2.8. Executing PROC_DLATCH pass (convert process syncs to latches).

3.2.9. Executing PROC_DFF pass (convert process syncs to FFs).

3.2.10. Executing PROC_MEMWR pass (convert process memory writes to cells).

3.2.11. Executing PROC_CLEAN pass (remove empty switches from decision trees).
Cleaned up 0 empty switches.

3.2.12. Executing OPT_EXPR pass (perform const folding).
Optimizing module program_rom.

3.3. Executing OPT_EXPR pass (perform const folding).
Optimizing module program_rom.

3.4. Executing OPT_CLEAN pass (remove unused cells and wires).
Finding unused cells or wires in module \program_rom..
Removed 0 unused cells and 1 unused wires.
<suppressed ~1 debug messages>

3.5. Executing CHECK pass (checking for obvious problems).
Checking module program_rom...
Found and reported 0 problems.

3.6. Executing OPT pass (performing simple optimizations).

3.6.1. Executing OPT_EXPR pass (perform const folding).
Optimizing module program_rom.

3.6.2. Executing OPT_MERGE pass (detect identical cells).
Finding identical cells in module `\program_rom'.
Computing hashes of 2 cells of `\program_rom'.
Finding duplicate cells in `\program_rom'.
Removed a total of 0 cells.

3.6.3. Executing OPT_MUXTREE pass (detect dead branches in mux trees).
Running muxtree optimizer on module \program_rom..
  Creating internal representation of mux trees.
  No muxes found in this module.
Removed 0 multiplexer ports.

3.6.4. Executing OPT_REDUCE pass (consolidate $*mux and $reduce_* inputs).
  Optimizing cells in module \program_rom.
Performed a total of 0 changes.

3.6.5. Executing OPT_MERGE pass (detect identical cells).
Finding identical cells in module `\program_rom'.
Computing hashes of 2 cells of `\program_rom'.
Finding duplicate cells in `\program_rom'.
Removed a total of 0 cells.

3.6.6. Executing OPT_DFF pass (perform DFF optimizations).

3.6.7. Executing OPT_CLEAN pass (remove unused cells and wires).
Finding unused cells or wires in module \program_rom..

3.6.8. Executing OPT_EXPR pass (perform const folding).
Optimizing module program_rom.

3.6.9. Finished fast OPT passes. (There is nothing left to do.)

3.7. Executing FSM pass (extract and optimize FSM).

3.7.1. Executing FSM_DETECT pass (finding FSMs in design).

3.7.2. Executing FSM_EXTRACT pass (extracting FSM from design).

3.7.3. Executing FSM_OPT pass (simple optimizations of FSMs).

3.7.4. Executing OPT_CLEAN pass (remove unused cells and wires).
Finding unused cells or wires in module \program_rom..

3.7.5. Executing FSM_OPT pass (simple optimizations of FSMs).

3.7.6. Executing FSM_RECODE pass (re-assigning FSM state encoding).

3.7.7. Executing FSM_INFO pass (dumping all available information on FSM cells).

3.7.8. Executing FSM_MAP pass (mapping FSMs to basic logic).

3.8. Executing OPT pass (performing simple optimizations).

3.8.1. Executing OPT_EXPR pass (perform const folding).
Optimizing module program_rom.

3.8.2. Executing OPT_MERGE pass (detect identical cells).
Finding identical cells in module `\program_rom'.
Computing hashes of 2 cells of `\program_rom'.
Finding duplicate cells in `\program_rom'.
Removed a total of 0 cells.

3.8.3. Executing OPT_MUXTREE pass (detect dead branches in mux trees).
Running muxtree optimizer on module \program_rom..
  Creating internal representation of mux trees.
  No muxes found in this module.
Removed 0 multiplexer ports.

3.8.4. Executing OPT_REDUCE pass (consolidate $*mux and $reduce_* inputs).
  Optimizing cells in module \program_rom.
Performed a total of 0 changes.

3.8.5. Executing OPT_MERGE pass (detect identical cells).
Finding identical cells in module `\program_rom'.
Computing hashes of 2 cells of `\program_rom'.
Finding duplicate cells in `\program_rom'.
Removed a total of 0 cells.

3.8.6. Executing OPT_DFF pass (perform DFF optimizations).

3.8.7. Executing OPT_CLEAN pass (remove unused cells and wires).
Finding unused cells or wires in module \program_rom..

3.8.8. Executing OPT_EXPR pass (perform const folding).
Optimizing module program_rom.

3.8.9. Finished fast OPT passes. (There is nothing left to do.)

3.9. Executing WREDUCE pass (reducing word size of cells).
Removed top 28 address bits (of 32) from memory init port program_rom.$meminit$\memory$rtl/program_rom.v:14$2 (memory).

3.10. Executing PEEPOPT pass (run peephole optimizers).

3.11. Executing OPT_CLEAN pass (remove unused cells and wires).
Finding unused cells or wires in module \program_rom..

3.12. Executing ALUMACC pass (create $alu and $macc cells).
Extracting $alu and $macc cells in module program_rom:
  created 0 $alu and 0 $macc cells.

3.13. Executing SHARE pass (SAT-based resource sharing).

3.14. Executing OPT pass (performing simple optimizations).

3.14.1. Executing OPT_EXPR pass (perform const folding).
Optimizing module program_rom.

3.14.2. Executing OPT_MERGE pass (detect identical cells).
Finding identical cells in module `\program_rom'.
Computing hashes of 2 cells of `\program_rom'.
Finding duplicate cells in `\program_rom'.
Removed a total of 0 cells.

3.14.3. Executing OPT_MUXTREE pass (detect dead branches in mux trees).
Running muxtree optimizer on module \program_rom..
  Creating internal representation of mux trees.
  No muxes found in this module.
Removed 0 multiplexer ports.

3.14.4. Executing OPT_REDUCE pass (consolidate $*mux and $reduce_* inputs).
  Optimizing cells in module \program_rom.
Performed a total of 0 changes.

3.14.5. Executing OPT_MERGE pass (detect identical cells).
Finding identical cells in module `\program_rom'.
Computing hashes of 2 cells of `\program_rom'.
Finding duplicate cells in `\program_rom'.
Removed a total of 0 cells.

3.14.6. Executing OPT_DFF pass (perform DFF optimizations).

3.14.7. Executing OPT_CLEAN pass (remove unused cells and wires).
Finding unused cells or wires in module \program_rom..

3.14.8. Executing OPT_EXPR pass (perform const folding).
Optimizing module program_rom.

3.14.9. Finished fast OPT passes. (There is nothing left to do.)

3.15. Executing MEMORY pass.

3.15.1. Executing OPT_MEM pass (optimize memories).
program_rom.memory: removing const-0 lane 3
Performed a total of 1 transformations.

3.15.2. Executing OPT_MEM_PRIORITY pass (removing unnecessary memory write priority relations).
Performed a total of 0 transformations.

3.15.3. Executing OPT_MEM_FEEDBACK pass (finding memory read-to-write feedback paths).

3.15.4. Executing MEMORY_BMUX2ROM pass (converting muxes to ROMs).

3.15.5. Executing MEMORY_DFF pass (merging $dff cells to $memrd).
Checking read port `\memory'[0] in module `\program_rom': no output FF found.
Checking read port address `\memory'[0] in module `\program_rom': no address FF found.

3.15.6. Executing OPT_CLEAN pass (remove unused cells and wires).
Finding unused cells or wires in module \program_rom..

3.15.7. Executing MEMORY_SHARE pass (consolidating $memrd/$memwr cells).

3.15.8. Executing OPT_MEM_WIDEN pass (optimize memories where all ports are wide).
Performed a total of 0 transformations.

3.15.9. Executing OPT_CLEAN pass (remove unused cells and wires).
Finding unused cells or wires in module \program_rom..

3.15.10. Executing MEMORY_COLLECT pass (generating $mem cells).

3.16. Executing OPT_CLEAN pass (remove unused cells and wires).
Finding unused cells or wires in module \program_rom..

3.17. Executing OPT pass (performing simple optimizations).

3.17.1. Executing OPT_EXPR pass (perform const folding).
Optimizing module program_rom.

3.17.2. Executing OPT_MERGE pass (detect identical cells).
Finding identical cells in module `\program_rom'.
Computing hashes of 1 cells of `\program_rom'.
Finding duplicate cells in `\program_rom'.
Removed a total of 0 cells.

3.17.3. Executing OPT_DFF pass (perform DFF optimizations).

3.17.4. Executing OPT_CLEAN pass (remove unused cells and wires).
Finding unused cells or wires in module \program_rom..

3.17.5. Finished fast OPT passes.

3.18. Executing MEMORY_MAP pass (converting memories to logic and flip-flops).
Mapping memory \memory in module \program_rom:
  created 16 $dff cells and 0 static cells of width 7.
  read interface: 0 $dff and 15 $mux cells.
  write interface: 0 write mux blocks.

3.19. Executing OPT pass (performing simple optimizations).

3.19.1. Executing OPT_EXPR pass (perform const folding).
Optimizing module program_rom.
<suppressed ~7 debug messages>

3.19.2. Executing OPT_MERGE pass (detect identical cells).
Finding identical cells in module `\program_rom'.
Computing hashes of 8 cells of `\program_rom'.
Finding duplicate cells in `\program_rom'.
Removed a total of 0 cells.

3.19.3. Executing OPT_MUXTREE pass (detect dead branches in mux trees).
Running muxtree optimizer on module \program_rom..
  Creating internal representation of mux trees.
  Evaluating internal representation of mux trees.
  Analyzing evaluation results.
Removed 0 multiplexer ports.
<suppressed ~9 debug messages>

3.19.4. Executing OPT_REDUCE pass (consolidate $*mux and $reduce_* inputs).
  Optimizing cells in module \program_rom.
    Consolidated identical input bits for $mux cell $memory\memory$rdmux[0][3][1]$30:
      Old ports: A=7'0001011, B=7'0011001, Y=$memory\memory$rdmux[0][2][0]$b$17
      New ports: A=2'01, B=2'10, Y={ $memory\memory$rdmux[0][2][0]$b$17 [4] $memory\memory$rdmux[0][2][0]$b$17 [1] }
      New connections: { $memory\memory$rdmux[0][2][0]$b$17 [6:5] $memory\memory$rdmux[0][2][0]$b$17 [3:2] $memory\memory$rdmux[0][2][0]$b$17 [0] } = 5'00101
    Consolidated identical input bits for $mux cell $memory\memory$rdmux[0][3][3]$36:
      Old ports: A=7'1011000, B=7'1111000, Y=$memory\memory$rdmux[0][2][1]$b$20
      New ports: A=1'0, B=1'1, Y=$memory\memory$rdmux[0][2][1]$b$20 [5]
      New connections: { $memory\memory$rdmux[0][2][1]$b$20 [6] $memory\memory$rdmux[0][2][1]$b$20 [4:0] } = 6'111000
    Consolidated identical input bits for $mux cell $memory\memory$rdmux[0][3][0]$27:
      Old ports: A=7'0001101, B=7'0011000, Y=$memory\memory$rdmux[0][2][0]$a$16
      New ports: A=2'01, B=2'10, Y={ $memory\memory$rdmux[0][2][0]$a$16 [4] $memory\memory$rdmux[0][2][0]$a$16 [0] }
      New connections: { $memory\memory$rdmux[0][2][0]$a$16 [6:5] $memory\memory$rdmux[0][2][0]$a$16 [3:1] } = { 3'001 $memory\memory$rdmux[0][2][0]$a$16 [0] 1'0 }
    Consolidated identical input bits for $mux cell $memory\memory$rdmux[0][3][2]$33:
      Old ports: A=7'0010000, B=7'0100001, Y=$memory\memory$rdmux[0][2][1]$a$19
      New ports: A=2'10, B=2'01, Y={ $memory\memory$rdmux[0][2][1]$a$19 [4] $memory\memory$rdmux[0][2][1]$a$19 [0] }
      New connections: { $memory\memory$rdmux[0][2][1]$a$19 [6:5] $memory\memory$rdmux[0][2][1]$a$19 [3:1] } = { 1'0 $memory\memory$rdmux[0][2][1]$a$19 [0] 3'000 }
  Optimizing cells in module \program_rom.
    Consolidated identical input bits for $mux cell $memory\memory$rdmux[0][2][1]$18:
      Old ports: A=$memory\memory$rdmux[0][2][1]$a$19, B=$memory\memory$rdmux[0][2][1]$b$20, Y=$memory\memory$rdmux[0][1][0]$b$11
      New ports: A={ $memory\memory$rdmux[0][2][1]$a$19 [0] $memory\memory$rdmux[0][2][1]$a$19 [4] 1'0 $memory\memory$rdmux[0][2][1]$a$19 [0] }, B={ $memory\memory$rdmux[0][2][1]$b$20 [5] 3'110 }, Y={ $memory\memory$rdmux[0][1][0]$b$11 [5:3] $memory\memory$rdmux[0][1][0]$b$11 [0] }
      New connections: { $memory\memory$rdmux[0][1][0]$b$11 [6] $memory\memory$rdmux[0][1][0]$b$11 [2:1] } = { $memory\memory$rdmux[0][1][0]$b$11 [3] 2'00 }
    Consolidated identical input bits for $mux cell $memory\memory$rdmux[0][2][0]$15:
      Old ports: A=$memory\memory$rdmux[0][2][0]$a$16, B=$memory\memory$rdmux[0][2][0]$b$17, Y=$memory\memory$rdmux[0][1][0]$a$10
      New ports: A={ $memory\memory$rdmux[0][2][0]$a$16 [4] $memory\memory$rdmux[0][2][0]$a$16 [0] 1'0 $memory\memory$rdmux[0][2][0]$a$16 [0] }, B={ $memory\memory$rdmux[0][2][0]$b$17 [4] 1'0 $memory\memory$rdmux[0][2][0]$b$17 [1] 1'1 }, Y={ $memory\memory$rdmux[0][1][0]$a$10 [4] $memory\memory$rdmux[0][1][0]$a$10 [2:0] }
      New connections: { $memory\memory$rdmux[0][1][0]$a$10 [6:5] $memory\memory$rdmux[0][1][0]$a$10 [3] } = 3'001
  Optimizing cells in module \program_rom.
Performed a total of 6 changes.

3.19.5. Executing OPT_MERGE pass (detect identical cells).
Finding identical cells in module `\program_rom'.
Computing hashes of 8 cells of `\program_rom'.
Finding duplicate cells in `\program_rom'.
Computing hashes of 7 cells of `\program_rom'.
Finding duplicate cells in `\program_rom'.
<suppressed ~3 debug messages>
Removed a total of 1 cells.

3.19.6. Executing OPT_SHARE pass.

3.19.7. Executing OPT_DFF pass (perform DFF optimizations).

3.19.8. Executing OPT_CLEAN pass (remove unused cells and wires).
Finding unused cells or wires in module \program_rom..
Removed 0 unused cells and 24 unused wires.
<suppressed ~1 debug messages>

3.19.9. Executing OPT_EXPR pass (perform const folding).
Optimizing module program_rom.
<suppressed ~1 debug messages>

3.19.10. Rerunning OPT passes. (Maybe there is more to do..)

3.19.11. Executing OPT_MUXTREE pass (detect dead branches in mux trees).
Running muxtree optimizer on module \program_rom..
  Creating internal representation of mux trees.
  Evaluating internal representation of mux trees.
  Analyzing evaluation results.
Removed 0 multiplexer ports.
<suppressed ~10 debug messages>

3.19.12. Executing OPT_REDUCE pass (consolidate $*mux and $reduce_* inputs).
  Optimizing cells in module \program_rom.
    Consolidated identical input bits for $mux cell $memory\memory$rdmux[0][2][0]$15:
      Old ports: A={ $memory\memory$rdmux[0][2][0]$a$16 [4] $memory\memory$rdmux[0][2][0]$a$16 [0] 1'0 $memory\memory$rdmux[0][2][0]$a$16 [0] }, B={ $memory\memory$rdmux[0][2][0]$a$16 [4] 1'0 $memory\memory$rdmux[0][2][0]$a$16 [0] 1'1 }, Y={ $memory\memory$rdmux[0][1][0]$a$10 [4] $memory\memory$rdmux[0][1][0]$a$10 [2:0] }
      New ports: A={ $memory\memory$rdmux[0][2][0]$a$16 [0] 1'0 $memory\memory$rdmux[0][2][0]$a$16 [0] }, B={ 1'0 $memory\memory$rdmux[0][2][0]$a$16 [0] 1'1 }, Y=$memory\memory$rdmux[0][1][0]$a$10 [2:0]
      New connections: $memory\memory$rdmux[0][1][0]$a$10 [4] = $memory\memory$rdmux[0][2][0]$a$16 [4]
  Optimizing cells in module \program_rom.
Performed a total of 1 changes.

3.19.13. Executing OPT_MERGE pass (detect identical cells).
Finding identical cells in module `\program_rom'.
Computing hashes of 6 cells of `\program_rom'.
Finding duplicate cells in `\program_rom'.
Removed a total of 0 cells.

3.19.14. Executing OPT_SHARE pass.

3.19.15. Executing OPT_DFF pass (perform DFF optimizations).

3.19.16. Executing OPT_CLEAN pass (remove unused cells and wires).
Finding unused cells or wires in module \program_rom..
Removed 0 unused cells and 1 unused wires.
<suppressed ~1 debug messages>

3.19.17. Executing OPT_EXPR pass (perform const folding).
Optimizing module program_rom.

3.19.18. Rerunning OPT passes. (Maybe there is more to do..)

3.19.19. Executing OPT_MUXTREE pass (detect dead branches in mux trees).
Running muxtree optimizer on module \program_rom..
  Creating internal representation of mux trees.
  Evaluating internal representation of mux trees.
  Analyzing evaluation results.
Removed 0 multiplexer ports.
<suppressed ~9 debug messages>

3.19.20. Executing OPT_REDUCE pass (consolidate $*mux and $reduce_* inputs).
  Optimizing cells in module \program_rom.
Performed a total of 0 changes.

3.19.21. Executing OPT_MERGE pass (detect identical cells).
Finding identical cells in module `\program_rom'.
Computing hashes of 6 cells of `\program_rom'.
Finding duplicate cells in `\program_rom'.
Removed a total of 0 cells.

3.19.22. Executing OPT_SHARE pass.

3.19.23. Executing OPT_DFF pass (perform DFF optimizations).

3.19.24. Executing OPT_CLEAN pass (remove unused cells and wires).
Finding unused cells or wires in module \program_rom..

3.19.25. Executing OPT_EXPR pass (perform const folding).
Optimizing module program_rom.

3.19.26. Finished fast OPT passes. (There is nothing left to do.)

3.20. Executing TECHMAP pass (map to technology primitives).

3.20.1. Executing Verilog-2005 frontend: /opt/oss-cad-suite/lib/../share/yosys/techmap.v
Parsing Verilog input from `/opt/oss-cad-suite/lib/../share/yosys/techmap.v' to AST representation.
Generating RTLIL representation for module `\_90_simplemap_bool_ops'.
Generating RTLIL representation for module `\_90_simplemap_reduce_ops'.
Generating RTLIL representation for module `\_90_simplemap_logic_ops'.
Generating RTLIL representation for module `\_90_simplemap_compare_ops'.
Generating RTLIL representation for module `\_90_simplemap_various'.
Generating RTLIL representation for module `\_90_simplemap_registers'.
Generating RTLIL representation for module `\_90_shift_ops_shr_shl_sshl_sshr'.
Generating RTLIL representation for module `\_90_shift_shiftx'.
Generating RTLIL representation for module `\_90_fa'.
Generating RTLIL representation for module `\_90_lcu_brent_kung'.
Generating RTLIL representation for module `\_90_alu'.
Generating RTLIL representation for module `\_90_macc'.
Generating RTLIL representation for module `\_90_alumacc'.
Generating RTLIL representation for module `$__div_mod_u'.
Generating RTLIL representation for module `$__div_mod_trunc'.
Generating RTLIL representation for module `\_90_div'.
Generating RTLIL representation for module `\_90_mod'.
Generating RTLIL representation for module `$__div_mod_floor'.
Generating RTLIL representation for module `\_90_divfloor'.
Generating RTLIL representation for module `\_90_modfloor'.
Generating RTLIL representation for module `\_90_pow'.
Generating RTLIL representation for module `\_90_demux'.
Generating RTLIL representation for module `\_90_lut'.
Generating RTLIL representation for module `$connect'.
Generating RTLIL representation for module `$input_port'.
Successfully finished Verilog frontend.

3.20.2. Continuing TECHMAP pass.
Using extmapper simplemap for cells of type $mux.
No more expansions possible.
<suppressed ~83 debug messages>

3.21. Executing OPT pass (performing simple optimizations).

3.21.1. Executing OPT_EXPR pass (perform const folding).
Optimizing module program_rom.
<suppressed ~4 debug messages>

3.21.2. Executing OPT_MERGE pass (detect identical cells).
Finding identical cells in module `\program_rom'.
Computing hashes of 21 cells of `\program_rom'.
Finding duplicate cells in `\program_rom'.
Computing hashes of 20 cells of `\program_rom'.
Finding duplicate cells in `\program_rom'.
Computing hashes of 19 cells of `\program_rom'.
Finding duplicate cells in `\program_rom'.
<suppressed ~6 debug messages>
Removed a total of 2 cells.

3.21.3. Executing OPT_DFF pass (perform DFF optimizations).

3.21.4. Executing OPT_CLEAN pass (remove unused cells and wires).
Finding unused cells or wires in module \program_rom..
Removed 0 unused cells and 1 unused wires.
<suppressed ~1 debug messages>

3.21.5. Finished fast OPT passes.

3.22. Executing ABC pass (technology mapping using ABC).

3.22.1. Extracting gate netlist of module `\program_rom' to `<abc-temp-dir>/input.blif'..

3.22.1.1. Executed ABC.
Extracted 19 gates and 25 wires to a netlist network with 4 inputs and 7 outputs.
Running ABC script: <abc-temp-dir>/abc.script
ABC: UC Berkeley, ABC 1.01 (compiled Aug  8 2026 02:32:38)
ABC: abc 01> empty
ABC: abc 01> source <abc-temp-dir>/abc.script
ABC: + read_blif <abc-temp-dir>/input.blif 
ABC: + read_library <abc-temp-dir>/stdcells.genlib 
ABC: + strash 
ABC: + &get -n 
ABC: + &fraig -x 
ABC: + &put 
ABC: + scorr 
ABC: Warning: The network is combinational (run "fraig" or "fraig_sweep").
ABC: + dc2 
ABC: + dretime 
ABC: + strash 
ABC: + &get -n 
ABC: + &dch -f 
ABC: + &nf 
ABC: + &put 
ABC: + write_blif <abc-temp-dir>/output.blif 
ABC: 
ABC: YOSYS_ABC_DONE 

3.22.1.2. Re-integrating ABC results.
ABC RESULTS:               AND cells:        3
ABC RESULTS:            ANDNOT cells:        2
ABC RESULTS:              NAND cells:        3
ABC RESULTS:               NOR cells:        4
ABC RESULTS:                OR cells:        1
ABC RESULTS:        internal signals:       14
ABC RESULTS:           input signals:        4
ABC RESULTS:          output signals:        7
Removing temp directory.
Removing global temp directory.

3.23. Executing OPT pass (performing simple optimizations).

3.23.1. Executing OPT_EXPR pass (perform const folding).
Optimizing module program_rom.

3.23.2. Executing OPT_MERGE pass (detect identical cells).
Finding identical cells in module `\program_rom'.
Computing hashes of 13 cells of `\program_rom'.
Finding duplicate cells in `\program_rom'.
Removed a total of 0 cells.

3.23.3. Executing OPT_DFF pass (perform DFF optimizations).

3.23.4. Executing OPT_CLEAN pass (remove unused cells and wires).
Finding unused cells or wires in module \program_rom..
Removed 0 unused cells and 15 unused wires.
<suppressed ~1 debug messages>

3.23.5. Finished fast OPT passes.

3.24. Executing HIERARCHY pass (managing design hierarchy).
Attribute `top' found on module `program_rom'. Setting top module to program_rom.

3.24.1. Analyzing design hierarchy..
Top module:  \program_rom

3.24.2. Analyzing design hierarchy..
Top module:  \program_rom
Removed 0 unused modules.

3.25. Printing statistics.

=== program_rom ===

        +----------Local Count, excluding submodules.
        | 
        8 wires
       18 wire bits
        2 public wires
       12 public wire bits
        2 ports
       12 port bits
       13 cells
        2   $_ANDNOT_
        3   $_AND_
        3   $_NAND_
        4   $_NOR_
        1   $_OR_

3.26. Executing CHECK pass (checking for obvious problems).
Checking module program_rom...
Found and reported 0 problems.

4. Executing CHECK pass (checking for obvious problems).
Checking module program_rom...
Found and reported 0 problems.

5. Printing statistics.

=== program_rom ===

        +----------Local Count, excluding submodules.
        | 
        8 wires
       18 wire bits
        2 public wires
       12 public wire bits
        2 ports
       12 port bits
       13 cells
        2   $_ANDNOT_
        3   $_AND_
        3   $_NAND_
        4   $_NOR_
        1   $_OR_

6. Executing Verilog backend.

6.1. Executing BMUXMAP pass.

6.2. Executing DEMUXMAP pass.
Dumping module `\program_rom'.

7. Executing JSON backend.

End of script. Logfile hash: dd05acb8d3, time: 0.12s, user: 0.01s, system: 0.02s, MEM: 21.14 MB peak
Yosys 0.68+40 (git sha1 0f2bcb94b-dirty, Release, Clang /usr/bin/clang++ 21.1.8)
Time spent: 69% 1x abc (0 sec), 11% 3x read_verilog (0 sec), ...
